[2023-04-05T18:16:14.737+0800][0.029s] Using G1
[2023-04-05T18:16:14.913+0800][0.205s] Version: 17.0.3.1+2-LTS-6 (release)
[2023-04-05T18:16:14.913+0800][0.205s] CPUs: 8 total, 8 available
[2023-04-05T18:16:14.913+0800][0.205s] Memory: 16299M
[2023-04-05T18:16:14.913+0800][0.205s] Large Page Support: Disabled
[2023-04-05T18:16:14.913+0800][0.206s] NUMA Support: Disabled
[2023-04-05T18:16:14.913+0800][0.206s] Compressed Oops: Enabled (32-bit)
[2023-04-05T18:16:14.913+0800][0.206s] Heap Region Size: 1M
[2023-04-05T18:16:14.913+0800][0.206s] Heap Min Capacity: 512M
[2023-04-05T18:16:14.913+0800][0.206s] Heap Initial Capacity: 512M
[2023-04-05T18:16:14.913+0800][0.206s] Heap Max Capacity: 512M
[2023-04-05T18:16:14.914+0800][0.206s] Pre-touch: Enabled
[2023-04-05T18:16:14.927+0800][0.219s] Parallel Workers: 8
[2023-04-05T18:16:14.927+0800][0.219s] Concurrent Workers: 2
[2023-04-05T18:16:14.927+0800][0.219s] Concurrent Refinement Workers: 8
[2023-04-05T18:16:14.927+0800][0.219s] Periodic GC: Disabled
[2023-04-05T18:16:14.928+0800][0.220s] CDS archive(s) mapped at: [0x0000000800000000-0x0000000800bc0000-0x0000000800bc0000), size 12320768, SharedBaseAddress: 0x0000000800000000, ArchiveRelocationMode: 0.
[2023-04-05T18:16:14.928+0800][0.220s] Compressed class space mapped at: 0x0000000800c00000-0x0000000840c00000, reserved size: 1073741824
[2023-04-05T18:16:14.928+0800][0.220s] Narrow klass base: 0x0000000800000000, Narrow klass shift: 0, Narrow klass range: 0x100000000
[2023-04-05T18:16:18.089+0800][3.381s] GC(0) Pause Young (Normal) (G1 Evacuation Pause)
[2023-04-05T18:16:18.089+0800][3.381s] GC(0) Using 8 workers of 8 for evacuation
[2023-04-05T18:16:18.092+0800][3.385s] GC(0)   Pre Evacuate Collection Set: 0.1ms
[2023-04-05T18:16:18.092+0800][3.385s] GC(0)   Merge Heap Roots: 0.1ms
[2023-04-05T18:16:18.092+0800][3.385s] GC(0)   Evacuate Collection Set: 2.4ms
[2023-04-05T18:16:18.092+0800][3.385s] GC(0)   Post Evacuate Collection Set: 0.5ms
[2023-04-05T18:16:18.092+0800][3.385s] GC(0)   Other: 0.4ms
[2023-04-05T18:16:18.092+0800][3.385s] GC(0) Eden regions: 29->0(37)
[2023-04-05T18:16:18.092+0800][3.385s] GC(0) Survivor regions: 0->4(4)
[2023-04-05T18:16:18.092+0800][3.385s] GC(0) Old regions: 0->3
[2023-04-05T18:16:18.092+0800][3.385s] GC(0) Archive regions: 0->0
[2023-04-05T18:16:18.092+0800][3.385s] GC(0) Humongous regions: 4->4
[2023-04-05T18:16:18.093+0800][3.385s] GC(0) Metaspace: 9888K(10112K)->9888K(10112K) NonClass: 8719K(8832K)->8719K(8832K) Class: 1169K(1280K)->1169K(1280K)
[2023-04-05T18:16:18.093+0800][3.385s] GC(0) Pause Young (Normal) (G1 Evacuation Pause) 33M->10M(512M) 3.772ms
[2023-04-05T18:16:18.093+0800][3.385s] GC(0) User=0.03s Sys=0.00s Real=0.00s
[2023-04-05T18:16:20.432+0800][5.725s] GC(1) Pause Young (Normal) (G1 Evacuation Pause)
[2023-04-05T18:16:20.432+0800][5.725s] GC(1) Using 8 workers of 8 for evacuation
[2023-04-05T18:16:20.438+0800][5.730s] GC(1)   Pre Evacuate Collection Set: 0.1ms
[2023-04-05T18:16:20.438+0800][5.730s] GC(1)   Merge Heap Roots: 0.1ms
[2023-04-05T18:16:20.438+0800][5.730s] GC(1)   Evacuate Collection Set: 4.9ms
[2023-04-05T18:16:20.438+0800][5.730s] GC(1)   Post Evacuate Collection Set: 0.5ms
[2023-04-05T18:16:20.438+0800][5.730s] GC(1)   Other: 0.1ms
[2023-04-05T18:16:20.438+0800][5.730s] GC(1) Eden regions: 32->0(47)
[2023-04-05T18:16:20.438+0800][5.730s] GC(1) Survivor regions: 4->5(5)
[2023-04-05T18:16:20.438+0800][5.730s] GC(1) Old regions: 3->10
[2023-04-05T18:16:20.438+0800][5.730s] GC(1) Archive regions: 0->0
[2023-04-05T18:16:20.438+0800][5.730s] GC(1) Humongous regions: 4->4
[2023-04-05T18:16:20.438+0800][5.730s] GC(1) Metaspace: 15557K(15808K)->15557K(15808K) NonClass: 13738K(13824K)->13738K(13824K) Class: 1819K(1984K)->1819K(1984K)
[2023-04-05T18:16:20.438+0800][5.730s] GC(1) Pause Young (Normal) (G1 Evacuation Pause) 42M->18M(512M) 5.905ms
[2023-04-05T18:16:20.438+0800][5.730s] GC(1) User=0.00s Sys=0.00s Real=0.01s
[2023-04-05T18:16:22.049+0800][7.341s] GC(2) Pause Young (Concurrent Start) (Metadata GC Threshold)
[2023-04-05T18:16:22.049+0800][7.341s] GC(2) Using 8 workers of 8 for evacuation
[2023-04-05T18:16:22.051+0800][7.343s] GC(2)   Pre Evacuate Collection Set: 0.1ms
[2023-04-05T18:16:22.051+0800][7.343s] GC(2)   Merge Heap Roots: 0.0ms
[2023-04-05T18:16:22.051+0800][7.343s] GC(2)   Evacuate Collection Set: 1.6ms
[2023-04-05T18:16:22.051+0800][7.343s] GC(2)   Post Evacuate Collection Set: 0.5ms
[2023-04-05T18:16:22.051+0800][7.343s] GC(2)   Other: 0.2ms
[2023-04-05T18:16:22.051+0800][7.343s] GC(2) Eden regions: 47->0(118)
[2023-04-05T18:16:22.051+0800][7.343s] GC(2) Survivor regions: 5->6(7)
[2023-04-05T18:16:22.051+0800][7.343s] GC(2) Old regions: 10->16
[2023-04-05T18:16:22.051+0800][7.343s] GC(2) Archive regions: 0->0
[2023-04-05T18:16:22.051+0800][7.343s] GC(2) Humongous regions: 4->4
[2023-04-05T18:16:22.051+0800][7.343s] GC(2) Metaspace: 21267K(21504K)->21267K(21504K) NonClass: 18866K(19008K)->18866K(19008K) Class: 2401K(2496K)->2401K(2496K)
[2023-04-05T18:16:22.051+0800][7.343s] GC(2) Pause Young (Concurrent Start) (Metadata GC Threshold) 65M->24M(512M) 2.547ms
[2023-04-05T18:16:22.051+0800][7.343s] GC(2) User=0.00s Sys=0.00s Real=0.00s
[2023-04-05T18:16:22.051+0800][7.343s] GC(3) Concurrent Mark Cycle
[2023-04-05T18:16:22.051+0800][7.343s] GC(3) Concurrent Clear Claimed Marks
[2023-04-05T18:16:22.051+0800][7.343s] GC(3) Concurrent Clear Claimed Marks 0.023ms
[2023-04-05T18:16:22.051+0800][7.343s] GC(3) Concurrent Scan Root Regions
[2023-04-05T18:16:22.053+0800][7.345s] GC(3) Concurrent Scan Root Regions 1.366ms
[2023-04-05T18:16:22.053+0800][7.345s] GC(3) Concurrent Mark
[2023-04-05T18:16:22.053+0800][7.345s] GC(3) Concurrent Mark From Roots
[2023-04-05T18:16:22.053+0800][7.345s] GC(3) Using 2 workers of 2 for marking
[2023-04-05T18:16:22.059+0800][7.351s] GC(3) Concurrent Mark From Roots 6.646ms
[2023-04-05T18:16:22.059+0800][7.351s] GC(3) Concurrent Preclean
[2023-04-05T18:16:22.059+0800][7.352s] GC(3) Concurrent Preclean 0.111ms
[2023-04-05T18:16:22.060+0800][7.352s] GC(3) Pause Remark
[2023-04-05T18:16:22.061+0800][7.353s] GC(3) Pause Remark 25M->25M(512M) 1.052ms
[2023-04-05T18:16:22.061+0800][7.353s] GC(3) User=0.00s Sys=0.00s Real=0.00s
[2023-04-05T18:16:22.061+0800][7.353s] GC(3) Concurrent Mark 8.066ms
[2023-04-05T18:16:22.061+0800][7.353s] GC(3) Concurrent Rebuild Remembered Sets
[2023-04-05T18:16:22.065+0800][7.357s] GC(3) Concurrent Rebuild Remembered Sets 3.957ms
[2023-04-05T18:16:22.065+0800][7.357s] GC(3) Pause Cleanup
[2023-04-05T18:16:22.065+0800][7.357s] GC(3) Pause Cleanup 26M->26M(512M) 0.074ms
[2023-04-05T18:16:22.065+0800][7.357s] GC(3) User=0.00s Sys=0.00s Real=0.00s
[2023-04-05T18:16:22.065+0800][7.357s] GC(3) Concurrent Cleanup for Next Mark
[2023-04-05T18:16:22.065+0800][7.357s] GC(3) Concurrent Cleanup for Next Mark 0.253ms
[2023-04-05T18:16:22.065+0800][7.357s] GC(3) Concurrent Mark Cycle 14.067ms
[2023-04-05T18:16:24.210+0800][9.503s] GC(4) Pause Young (Prepare Mixed) (Metadata GC Threshold)
[2023-04-05T18:16:24.210+0800][9.503s] GC(4) Using 8 workers of 8 for evacuation
[2023-04-05T18:16:24.216+0800][9.508s] GC(4)   Pre Evacuate Collection Set: 0.1ms
[2023-04-05T18:16:24.216+0800][9.508s] GC(4)   Merge Heap Roots: 0.1ms
[2023-04-05T18:16:24.216+0800][9.508s] GC(4)   Evacuate Collection Set: 4.4ms
[2023-04-05T18:16:24.216+0800][9.509s] GC(4)   Post Evacuate Collection Set: 0.7ms
[2023-04-05T18:16:24.216+0800][9.509s] GC(4)   Other: 0.1ms
[2023-04-05T18:16:24.216+0800][9.509s] GC(4) Eden regions: 84->0(14)
[2023-04-05T18:16:24.216+0800][9.509s] GC(4) Survivor regions: 6->11(16)
[2023-04-05T18:16:24.216+0800][9.509s] GC(4) Old regions: 16->16
[2023-04-05T18:16:24.216+0800][9.509s] GC(4) Archive regions: 0->0
[2023-04-05T18:16:24.216+0800][9.509s] GC(4) Humongous regions: 5->4
[2023-04-05T18:16:24.216+0800][9.509s] GC(4) Metaspace: 35930K(36160K)->35930K(36160K) NonClass: 31696K(31808K)->31696K(31808K) Class: 4234K(4352K)->4234K(4352K)
[2023-04-05T18:16:24.216+0800][9.509s] GC(4) Pause Young (Prepare Mixed) (Metadata GC Threshold) 108M->30M(512M) 5.482ms
[2023-04-05T18:16:24.216+0800][9.509s] GC(4) User=0.02s Sys=0.00s Real=0.01s
[2023-04-05T18:16:24.250+0800][9.542s] GC(5) Pause Young (Mixed) (Metadata GC Threshold)
[2023-04-05T18:16:24.250+0800][9.542s] GC(5) Using 8 workers of 8 for evacuation
[2023-04-05T18:16:24.253+0800][9.545s] GC(5)   Pre Evacuate Collection Set: 0.1ms
[2023-04-05T18:16:24.253+0800][9.545s] GC(5)   Merge Heap Roots: 0.0ms
[2023-04-05T18:16:24.253+0800][9.545s] GC(5)   Evacuate Collection Set: 2.1ms
[2023-04-05T18:16:24.253+0800][9.545s] GC(5)   Post Evacuate Collection Set: 0.4ms
[2023-04-05T18:16:24.253+0800][9.545s] GC(5)   Other: 0.1ms
[2023-04-05T18:16:24.253+0800][9.545s] GC(5) Eden regions: 2->0(306)
[2023-04-05T18:16:24.253+0800][9.545s] GC(5) Survivor regions: 11->1(4)
[2023-04-05T18:16:24.253+0800][9.545s] GC(5) Old regions: 16->27
[2023-04-05T18:16:24.253+0800][9.545s] GC(5) Archive regions: 0->0
[2023-04-05T18:16:24.253+0800][9.545s] GC(5) Humongous regions: 4->4
[2023-04-05T18:16:24.253+0800][9.545s] GC(5) Metaspace: 36222K(36480K)->36222K(36480K) NonClass: 31957K(32064K)->31957K(32064K) Class: 4265K(4416K)->4265K(4416K)
[2023-04-05T18:16:24.253+0800][9.545s] GC(5) Pause Young (Mixed) (Metadata GC Threshold) 31M->30M(512M) 2.839ms
[2023-04-05T18:16:24.253+0800][9.545s] GC(5) User=0.00s Sys=0.00s Real=0.00s
[2023-04-05T18:16:24.270+0800][9.562s] GC(6) Pause Young (Concurrent Start) (Metadata GC Threshold)
[2023-04-05T18:16:24.270+0800][9.562s] GC(6) Using 8 workers of 8 for evacuation
[2023-04-05T18:16:24.271+0800][9.563s] GC(6)   Pre Evacuate Collection Set: 0.1ms
[2023-04-05T18:16:24.271+0800][9.563s] GC(6)   Merge Heap Roots: 0.1ms
[2023-04-05T18:16:24.271+0800][9.563s] GC(6)   Evacuate Collection Set: 0.4ms
[2023-04-05T18:16:24.271+0800][9.563s] GC(6)   Post Evacuate Collection Set: 0.2ms
[2023-04-05T18:16:24.271+0800][9.563s] GC(6)   Other: 0.1ms
[2023-04-05T18:16:24.271+0800][9.563s] GC(6) Eden regions: 2->0(306)
[2023-04-05T18:16:24.271+0800][9.563s] GC(6) Survivor regions: 1->1(39)
[2023-04-05T18:16:24.271+0800][9.563s] GC(6) Old regions: 27->27
[2023-04-05T18:16:24.271+0800][9.563s] GC(6) Archive regions: 0->0
[2023-04-05T18:16:24.271+0800][9.563s] GC(6) Humongous regions: 4->4
[2023-04-05T18:16:24.271+0800][9.563s] GC(6) Metaspace: 36529K(36800K)->36529K(36800K) NonClass: 32214K(32320K)->32214K(32320K) Class: 4315K(4480K)->4315K(4480K)
[2023-04-05T18:16:24.271+0800][9.563s] GC(6) Pause Young (Concurrent Start) (Metadata GC Threshold) 32M->30M(512M) 0.992ms
[2023-04-05T18:16:24.271+0800][9.563s] GC(6) User=0.00s Sys=0.00s Real=0.00s
[2023-04-05T18:16:24.271+0800][9.563s] GC(7) Concurrent Mark Cycle
[2023-04-05T18:16:24.271+0800][9.563s] GC(7) Concurrent Clear Claimed Marks
[2023-04-05T18:16:24.271+0800][9.563s] GC(7) Concurrent Clear Claimed Marks 0.016ms
[2023-04-05T18:16:24.271+0800][9.563s] GC(7) Concurrent Scan Root Regions
[2023-04-05T18:16:24.271+0800][9.563s] GC(7) Concurrent Scan Root Regions 0.238ms
[2023-04-05T18:16:24.271+0800][9.563s] GC(7) Concurrent Mark
[2023-04-05T18:16:24.271+0800][9.563s] GC(7) Concurrent Mark From Roots
[2023-04-05T18:16:24.271+0800][9.563s] GC(7) Using 2 workers of 2 for marking
[2023-04-05T18:16:24.285+0800][9.577s] GC(7) Concurrent Mark From Roots 13.627ms
[2023-04-05T18:16:24.285+0800][9.577s] GC(7) Concurrent Preclean
[2023-04-05T18:16:24.285+0800][9.577s] GC(7) Concurrent Preclean 0.135ms
[2023-04-05T18:16:24.285+0800][9.577s] GC(7) Pause Remark
[2023-04-05T18:16:24.287+0800][9.579s] GC(7) Pause Remark 31M->31M(512M) 1.483ms
[2023-04-05T18:16:24.287+0800][9.579s] GC(7) User=0.00s Sys=0.00s Real=0.00s
[2023-04-05T18:16:24.287+0800][9.579s] GC(7) Concurrent Mark 15.559ms
[2023-04-05T18:16:24.287+0800][9.579s] GC(7) Concurrent Rebuild Remembered Sets
[2023-04-05T18:16:24.293+0800][9.585s] GC(7) Concurrent Rebuild Remembered Sets 6.057ms
[2023-04-05T18:16:24.293+0800][9.585s] GC(7) Pause Cleanup
[2023-04-05T18:16:24.293+0800][9.585s] GC(7) Pause Cleanup 31M->31M(512M) 0.098ms
[2023-04-05T18:16:24.293+0800][9.585s] GC(7) User=0.00s Sys=0.00s Real=0.00s
[2023-04-05T18:16:24.293+0800][9.585s] GC(7) Concurrent Cleanup for Next Mark
[2023-04-05T18:16:24.293+0800][9.585s] GC(7) Concurrent Cleanup for Next Mark 0.342ms
[2023-04-05T18:16:24.294+0800][9.586s] GC(7) Concurrent Mark Cycle 22.644ms
[2023-04-05T19:29:44.207+0800][4409.500s] GC(8) Pause Young (Normal) (GCLocker Initiated GC)
[2023-04-05T19:29:44.207+0800][4409.500s] GC(8) Using 8 workers of 8 for evacuation
[2023-04-05T19:29:44.230+0800][4409.523s] GC(8)   Pre Evacuate Collection Set: 0.4ms
[2023-04-05T19:29:44.230+0800][4409.523s] GC(8)   Merge Heap Roots: 0.1ms
[2023-04-05T19:29:44.230+0800][4409.523s] GC(8)   Evacuate Collection Set: 21.2ms
[2023-04-05T19:29:44.230+0800][4409.523s] GC(8)   Post Evacuate Collection Set: 1.1ms
[2023-04-05T19:29:44.230+0800][4409.523s] GC(8)   Other: 0.5ms
[2023-04-05T19:29:44.230+0800][4409.523s] GC(8) Eden regions: 307->0(295)
[2023-04-05T19:29:44.230+0800][4409.523s] GC(8) Survivor regions: 1->12(39)
[2023-04-05T19:29:44.230+0800][4409.523s] GC(8) Old regions: 27->27
[2023-04-05T19:29:44.230+0800][4409.523s] GC(8) Archive regions: 0->0
[2023-04-05T19:29:44.230+0800][4409.523s] GC(8) Humongous regions: 7->7
[2023-04-05T19:29:44.230+0800][4409.523s] GC(8) Metaspace: 50210K(50560K)->50210K(50560K) NonClass: 44287K(44480K)->44287K(44480K) Class: 5922K(6080K)->5922K(6080K)
[2023-04-05T19:29:44.230+0800][4409.523s] GC(8) Pause Young (Normal) (GCLocker Initiated GC) 339M->44M(512M) 23.516ms
[2023-04-05T19:29:44.230+0800][4409.523s] GC(8) User=0.02s Sys=0.11s Real=0.02s
