[2023-04-01T08:52:50.715+0800][0.013s] Using G1
[2023-04-01T08:52:50.900+0800][0.199s] Version: 17.0.3.1+2-LTS-6 (release)
[2023-04-01T08:52:50.900+0800][0.199s] CPUs: 8 total, 8 available
[2023-04-01T08:52:50.900+0800][0.199s] Memory: 16299M
[2023-04-01T08:52:50.900+0800][0.199s] Large Page Support: Disabled
[2023-04-01T08:52:50.900+0800][0.199s] NUMA Support: Disabled
[2023-04-01T08:52:50.900+0800][0.199s] Compressed Oops: Enabled (32-bit)
[2023-04-01T08:52:50.900+0800][0.199s] Heap Region Size: 1M
[2023-04-01T08:52:50.900+0800][0.199s] Heap Min Capacity: 512M
[2023-04-01T08:52:50.900+0800][0.199s] Heap Initial Capacity: 512M
[2023-04-01T08:52:50.900+0800][0.199s] Heap Max Capacity: 512M
[2023-04-01T08:52:50.900+0800][0.199s] Pre-touch: Enabled
[2023-04-01T08:52:50.901+0800][0.200s] Parallel Workers: 8
[2023-04-01T08:52:50.901+0800][0.200s] Concurrent Workers: 2
[2023-04-01T08:52:50.901+0800][0.200s] Concurrent Refinement Workers: 8
[2023-04-01T08:52:50.901+0800][0.200s] Periodic GC: Disabled
[2023-04-01T08:52:50.902+0800][0.201s] CDS archive(s) mapped at: [0x0000000800000000-0x0000000800bc0000-0x0000000800bc0000), size 12320768, SharedBaseAddress: 0x0000000800000000, ArchiveRelocationMode: 0.
[2023-04-01T08:52:50.902+0800][0.201s] Compressed class space mapped at: 0x0000000800c00000-0x0000000840c00000, reserved size: 1073741824
[2023-04-01T08:52:50.902+0800][0.201s] Narrow klass base: 0x0000000800000000, Narrow klass shift: 0, Narrow klass range: 0x100000000
[2023-04-01T08:52:53.151+0800][2.449s] GC(0) Pause Young (Normal) (G1 Evacuation Pause)
[2023-04-01T08:52:53.151+0800][2.449s] GC(0) Using 8 workers of 8 for evacuation
[2023-04-01T08:52:53.154+0800][2.452s] GC(0)   Pre Evacuate Collection Set: 0.1ms
[2023-04-01T08:52:53.154+0800][2.452s] GC(0)   Merge Heap Roots: 0.0ms
[2023-04-01T08:52:53.154+0800][2.452s] GC(0)   Evacuate Collection Set: 2.2ms
[2023-04-01T08:52:53.154+0800][2.452s] GC(0)   Post Evacuate Collection Set: 0.3ms
[2023-04-01T08:52:53.154+0800][2.452s] GC(0)   Other: 0.3ms
[2023-04-01T08:52:53.154+0800][2.452s] GC(0) Eden regions: 29->0(37)
[2023-04-01T08:52:53.154+0800][2.452s] GC(0) Survivor regions: 0->4(4)
[2023-04-01T08:52:53.154+0800][2.452s] GC(0) Old regions: 0->3
[2023-04-01T08:52:53.154+0800][2.452s] GC(0) Archive regions: 0->0
[2023-04-01T08:52:53.154+0800][2.452s] GC(0) Humongous regions: 4->4
[2023-04-01T08:52:53.154+0800][2.452s] GC(0) Metaspace: 9888K(10112K)->9888K(10112K) NonClass: 8719K(8832K)->8719K(8832K) Class: 1169K(1280K)->1169K(1280K)
[2023-04-01T08:52:53.154+0800][2.452s] GC(0) Pause Young (Normal) (G1 Evacuation Pause) 33M->10M(512M) 3.143ms
[2023-04-01T08:52:53.154+0800][2.452s] GC(0) User=0.00s Sys=0.02s Real=0.00s
[2023-04-01T08:52:53.776+0800][3.075s] GC(1) Pause Young (Normal) (G1 Evacuation Pause)
[2023-04-01T08:52:53.777+0800][3.075s] GC(1) Using 8 workers of 8 for evacuation
[2023-04-01T08:52:53.783+0800][3.081s] GC(1)   Pre Evacuate Collection Set: 0.1ms
[2023-04-01T08:52:53.783+0800][3.081s] GC(1)   Merge Heap Roots: 0.1ms
[2023-04-01T08:52:53.783+0800][3.081s] GC(1)   Evacuate Collection Set: 4.7ms
[2023-04-01T08:52:53.783+0800][3.081s] GC(1)   Post Evacuate Collection Set: 0.4ms
[2023-04-01T08:52:53.783+0800][3.081s] GC(1)   Other: 0.1ms
[2023-04-01T08:52:53.783+0800][3.081s] GC(1) Eden regions: 31->0(46)
[2023-04-01T08:52:53.783+0800][3.081s] GC(1) Survivor regions: 4->5(5)
[2023-04-01T08:52:53.783+0800][3.081s] GC(1) Old regions: 3->10
[2023-04-01T08:52:53.783+0800][3.081s] GC(1) Archive regions: 0->0
[2023-04-01T08:52:53.783+0800][3.081s] GC(1) Humongous regions: 4->4
[2023-04-01T08:52:53.783+0800][3.081s] GC(1) Metaspace: 15560K(15808K)->15560K(15808K) NonClass: 13742K(13824K)->13742K(13824K) Class: 1818K(1984K)->1818K(1984K)
[2023-04-01T08:52:53.783+0800][3.081s] GC(1) Pause Young (Normal) (G1 Evacuation Pause) 41M->18M(512M) 5.709ms
[2023-04-01T08:52:53.783+0800][3.081s] GC(1) User=0.00s Sys=0.00s Real=0.01s
[2023-04-01T08:52:54.609+0800][3.908s] GC(2) Pause Young (Normal) (G1 Evacuation Pause)
[2023-04-01T08:52:54.609+0800][3.908s] GC(2) Using 8 workers of 8 for evacuation
[2023-04-01T08:52:54.612+0800][3.910s] GC(2)   Pre Evacuate Collection Set: 0.1ms
[2023-04-01T08:52:54.612+0800][3.910s] GC(2)   Merge Heap Roots: 0.1ms
[2023-04-01T08:52:54.612+0800][3.910s] GC(2)   Evacuate Collection Set: 1.5ms
[2023-04-01T08:52:54.612+0800][3.910s] GC(2)   Post Evacuate Collection Set: 0.5ms
[2023-04-01T08:52:54.612+0800][3.910s] GC(2)   Other: 0.1ms
[2023-04-01T08:52:54.612+0800][3.910s] GC(2) Eden regions: 46->0(89)
[2023-04-01T08:52:54.612+0800][3.910s] GC(2) Survivor regions: 5->6(7)
[2023-04-01T08:52:54.612+0800][3.910s] GC(2) Old regions: 10->16
[2023-04-01T08:52:54.612+0800][3.910s] GC(2) Archive regions: 0->0
[2023-04-01T08:52:54.612+0800][3.910s] GC(2) Humongous regions: 4->4
[2023-04-01T08:52:54.612+0800][3.910s] GC(2) Metaspace: 20816K(20992K)->20816K(20992K) NonClass: 18478K(18560K)->18478K(18560K) Class: 2338K(2432K)->2338K(2432K)
[2023-04-01T08:52:54.612+0800][3.910s] GC(2) Pause Young (Normal) (G1 Evacuation Pause) 64M->24M(512M) 2.530ms
[2023-04-01T08:52:54.612+0800][3.910s] GC(2) User=0.00s Sys=0.00s Real=0.00s
[2023-04-01T08:52:54.637+0800][3.935s] GC(3) Pause Young (Concurrent Start) (Metadata GC Threshold)
[2023-04-01T08:52:54.637+0800][3.935s] GC(3) Using 8 workers of 8 for evacuation
[2023-04-01T08:52:54.638+0800][3.937s] GC(3)   Pre Evacuate Collection Set: 0.1ms
[2023-04-01T08:52:54.638+0800][3.937s] GC(3)   Merge Heap Roots: 0.1ms
[2023-04-01T08:52:54.638+0800][3.937s] GC(3)   Evacuate Collection Set: 0.8ms
[2023-04-01T08:52:54.638+0800][3.937s] GC(3)   Post Evacuate Collection Set: 0.4ms
[2023-04-01T08:52:54.638+0800][3.937s] GC(3)   Other: 0.3ms
[2023-04-01T08:52:54.638+0800][3.937s] GC(3) Eden regions: 3->0(148)
[2023-04-01T08:52:54.638+0800][3.937s] GC(3) Survivor regions: 6->6(12)
[2023-04-01T08:52:54.638+0800][3.937s] GC(3) Old regions: 16->16
[2023-04-01T08:52:54.638+0800][3.937s] GC(3) Archive regions: 0->0
[2023-04-01T08:52:54.638+0800][3.937s] GC(3) Humongous regions: 4->4
[2023-04-01T08:52:54.638+0800][3.937s] GC(3) Metaspace: 21352K(21504K)->21352K(21504K) NonClass: 18944K(19008K)->18944K(19008K) Class: 2408K(2496K)->2408K(2496K)
[2023-04-01T08:52:54.638+0800][3.937s] GC(3) Pause Young (Concurrent Start) (Metadata GC Threshold) 27M->24M(512M) 1.894ms
[2023-04-01T08:52:54.638+0800][3.937s] GC(3) User=0.00s Sys=0.00s Real=0.00s
[2023-04-01T08:52:54.638+0800][3.937s] GC(4) Concurrent Mark Cycle
[2023-04-01T08:52:54.638+0800][3.937s] GC(4) Concurrent Clear Claimed Marks
[2023-04-01T08:52:54.638+0800][3.937s] GC(4) Concurrent Clear Claimed Marks 0.016ms
[2023-04-01T08:52:54.638+0800][3.937s] GC(4) Concurrent Scan Root Regions
[2023-04-01T08:52:54.639+0800][3.938s] GC(4) Concurrent Scan Root Regions 0.644ms
[2023-04-01T08:52:54.639+0800][3.938s] GC(4) Concurrent Mark
[2023-04-01T08:52:54.639+0800][3.938s] GC(4) Concurrent Mark From Roots
[2023-04-01T08:52:54.639+0800][3.938s] GC(4) Using 2 workers of 2 for marking
[2023-04-01T08:52:54.648+0800][3.947s] GC(4) Concurrent Mark From Roots 8.806ms
[2023-04-01T08:52:54.648+0800][3.947s] GC(4) Concurrent Preclean
[2023-04-01T08:52:54.648+0800][3.947s] GC(4) Concurrent Preclean 0.124ms
[2023-04-01T08:52:54.648+0800][3.947s] GC(4) Pause Remark
[2023-04-01T08:52:54.651+0800][3.949s] GC(4) Pause Remark 26M->26M(512M) 2.363ms
[2023-04-01T08:52:54.651+0800][3.949s] GC(4) User=0.00s Sys=0.00s Real=0.00s
[2023-04-01T08:52:54.651+0800][3.949s] GC(4) Concurrent Mark 11.565ms
[2023-04-01T08:52:54.651+0800][3.949s] GC(4) Concurrent Rebuild Remembered Sets
[2023-04-01T08:52:54.654+0800][3.954s] GC(4) Concurrent Rebuild Remembered Sets 4.094ms
[2023-04-01T08:52:54.655+0800][3.954s] GC(4) Pause Cleanup
[2023-04-01T08:52:54.655+0800][3.954s] GC(4) Pause Cleanup 26M->26M(512M) 0.109ms
[2023-04-01T08:52:54.655+0800][3.954s] GC(4) User=0.00s Sys=0.00s Real=0.00s
[2023-04-01T08:52:54.655+0800][3.954s] GC(4) Concurrent Cleanup for Next Mark
[2023-04-01T08:52:54.655+0800][3.954s] GC(4) Concurrent Cleanup for Next Mark 0.390ms
[2023-04-01T08:52:54.655+0800][3.954s] GC(4) Concurrent Mark Cycle 17.233ms
[2023-04-01T08:52:56.126+0800][5.425s] GC(5) Pause Young (Concurrent Start) (Metadata GC Threshold)
[2023-04-01T08:52:56.126+0800][5.426s] GC(5) Using 8 workers of 8 for evacuation
[2023-04-01T08:52:56.130+0800][5.430s] GC(5)   Pre Evacuate Collection Set: 0.1ms
[2023-04-01T08:52:56.131+0800][5.430s] GC(5)   Merge Heap Roots: 0.1ms
[2023-04-01T08:52:56.131+0800][5.430s] GC(5)   Evacuate Collection Set: 3.1ms
[2023-04-01T08:52:56.131+0800][5.430s] GC(5)   Post Evacuate Collection Set: 0.6ms
[2023-04-01T08:52:56.131+0800][5.430s] GC(5)   Other: 0.2ms
[2023-04-01T08:52:56.131+0800][5.430s] GC(5) Eden regions: 76->0(295)
[2023-04-01T08:52:56.131+0800][5.430s] GC(5) Survivor regions: 6->12(20)
[2023-04-01T08:52:56.131+0800][5.430s] GC(5) Old regions: 16->16
[2023-04-01T08:52:56.131+0800][5.430s] GC(5) Archive regions: 0->0
[2023-04-01T08:52:56.131+0800][5.430s] GC(5) Humongous regions: 5->4
[2023-04-01T08:52:56.131+0800][5.430s] GC(5) Metaspace: 36087K(36288K)->36087K(36288K) NonClass: 31839K(31936K)->31839K(31936K) Class: 4247K(4352K)->4247K(4352K)
[2023-04-01T08:52:56.131+0800][5.430s] GC(5) Pause Young (Concurrent Start) (Metadata GC Threshold) 101M->30M(512M) 4.220ms
[2023-04-01T08:52:56.131+0800][5.430s] GC(5) User=0.00s Sys=0.00s Real=0.01s
[2023-04-01T08:52:56.131+0800][5.430s] GC(6) Concurrent Mark Cycle
[2023-04-01T08:52:56.131+0800][5.430s] GC(6) Concurrent Clear Claimed Marks
[2023-04-01T08:52:56.131+0800][5.430s] GC(6) Concurrent Clear Claimed Marks 0.028ms
[2023-04-01T08:52:56.131+0800][5.430s] GC(6) Concurrent Scan Root Regions
[2023-04-01T08:52:56.133+0800][5.432s] GC(6) Concurrent Scan Root Regions 2.085ms
[2023-04-01T08:52:56.133+0800][5.432s] GC(6) Concurrent Mark
[2023-04-01T08:52:56.133+0800][5.432s] GC(6) Concurrent Mark From Roots
[2023-04-01T08:52:56.133+0800][5.432s] GC(6) Using 2 workers of 2 for marking
[2023-04-01T08:52:56.143+0800][5.441s] GC(6) Concurrent Mark From Roots 8.876ms
[2023-04-01T08:52:56.143+0800][5.441s] GC(6) Concurrent Preclean
[2023-04-01T08:52:56.143+0800][5.441s] GC(6) Concurrent Preclean 0.124ms
[2023-04-01T08:52:56.143+0800][5.441s] GC(6) Pause Remark
[2023-04-01T08:52:56.143+0800][5.442s] GC(6) Pause Remark 31M->31M(512M) 1.296ms
[2023-04-01T08:52:56.143+0800][5.442s] GC(6) User=0.00s Sys=0.00s Real=0.00s
[2023-04-01T08:52:56.143+0800][5.442s] GC(6) Concurrent Mark 10.504ms
[2023-04-01T08:52:56.143+0800][5.442s] GC(6) Concurrent Rebuild Remembered Sets
[2023-04-01T08:52:56.148+0800][5.446s] GC(6) Concurrent Rebuild Remembered Sets 3.890ms
[2023-04-01T08:52:56.148+0800][5.447s] GC(6) Pause Cleanup
[2023-04-01T08:52:56.149+0800][5.447s] GC(6) Pause Cleanup 31M->31M(512M) 0.127ms
[2023-04-01T08:52:56.149+0800][5.447s] GC(6) User=0.00s Sys=0.00s Real=0.00s
[2023-04-01T08:52:56.149+0800][5.447s] GC(6) Concurrent Cleanup for Next Mark
[2023-04-01T08:52:56.149+0800][5.447s] GC(6) Concurrent Cleanup for Next Mark 0.448ms
[2023-04-01T08:52:56.149+0800][5.447s] GC(6) Concurrent Mark Cycle 17.506ms
[2023-04-01T10:48:26.147+0800][6935.445s] GC(7) Pause Young (Normal) (G1 Evacuation Pause)
[2023-04-01T10:48:26.147+0800][6935.445s] GC(7) Using 8 workers of 8 for evacuation
[2023-04-01T10:48:26.182+0800][6935.480s] GC(7)   Pre Evacuate Collection Set: 0.5ms
[2023-04-01T10:48:26.182+0800][6935.480s] GC(7)   Merge Heap Roots: 0.2ms
[2023-04-01T10:48:26.182+0800][6935.480s] GC(7)   Evacuate Collection Set: 32.9ms
[2023-04-01T10:48:26.182+0800][6935.480s] GC(7)   Post Evacuate Collection Set: 1.2ms
[2023-04-01T10:48:26.182+0800][6935.480s] GC(7)   Other: 0.6ms
[2023-04-01T10:48:26.182+0800][6935.480s] GC(7) Eden regions: 295->0(284)
[2023-04-01T10:48:26.182+0800][6935.480s] GC(7) Survivor regions: 12->23(39)
[2023-04-01T10:48:26.182+0800][6935.480s] GC(7) Old regions: 16->16
[2023-04-01T10:48:26.182+0800][6935.480s] GC(7) Archive regions: 0->0
[2023-04-01T10:48:26.182+0800][6935.481s] GC(7) Humongous regions: 4->4
[2023-04-01T10:48:26.182+0800][6935.481s] GC(7) Metaspace: 49824K(50240K)->49824K(50240K) NonClass: 43942K(44160K)->43942K(44160K) Class: 5881K(6080K)->5881K(6080K)
[2023-04-01T10:48:26.182+0800][6935.481s] GC(7) Pause Young (Normal) (G1 Evacuation Pause) 325M->41M(512M) 35.343ms
[2023-04-01T10:48:26.182+0800][6935.481s] GC(7) User=0.03s Sys=0.08s Real=0.03s
[2023-04-01T12:20:14.321+0800][12443.619s] GC(8) Pause Young (Normal) (G1 Evacuation Pause)
[2023-04-01T12:20:14.321+0800][12443.620s] GC(8) Using 8 workers of 8 for evacuation
[2023-04-01T12:20:14.338+0800][12443.637s] GC(8)   Pre Evacuate Collection Set: 0.4ms
[2023-04-01T12:20:14.338+0800][12443.637s] GC(8)   Merge Heap Roots: 0.2ms
[2023-04-01T12:20:14.338+0800][12443.637s] GC(8)   Evacuate Collection Set: 14.7ms
[2023-04-01T12:20:14.338+0800][12443.637s] GC(8)   Post Evacuate Collection Set: 2.0ms
[2023-04-01T12:20:14.338+0800][12443.637s] GC(8)   Other: 0.4ms
[2023-04-01T12:20:14.338+0800][12443.637s] GC(8) Eden regions: 284->0(290)
[2023-04-01T12:20:14.338+0800][12443.637s] GC(8) Survivor regions: 23->17(39)
[2023-04-01T12:20:14.338+0800][12443.637s] GC(8) Old regions: 16->21
[2023-04-01T12:20:14.339+0800][12443.637s] GC(8) Archive regions: 0->0
[2023-04-01T12:20:14.339+0800][12443.637s] GC(8) Humongous regions: 7->7
[2023-04-01T12:20:14.339+0800][12443.637s] GC(8) Metaspace: 50408K(50816K)->50408K(50816K) NonClass: 44484K(44672K)->44484K(44672K) Class: 5924K(6144K)->5924K(6144K)
[2023-04-01T12:20:14.339+0800][12443.637s] GC(8) Pause Young (Normal) (G1 Evacuation Pause) 328M->43M(512M) 17.731ms
[2023-04-01T12:20:14.339+0800][12443.637s] GC(8) User=0.00s Sys=0.02s Real=0.02s
