[2023-04-01T13:28:12.795+0800][0.024s] Using G1
[2023-04-01T13:28:12.985+0800][0.214s] Version: 17.0.3.1+2-LTS-6 (release)
[2023-04-01T13:28:12.985+0800][0.214s] CPUs: 8 total, 8 available
[2023-04-01T13:28:12.985+0800][0.214s] Memory: 16299M
[2023-04-01T13:28:12.985+0800][0.214s] Large Page Support: Disabled
[2023-04-01T13:28:12.985+0800][0.214s] NUMA Support: Disabled
[2023-04-01T13:28:12.985+0800][0.214s] Compressed Oops: Enabled (32-bit)
[2023-04-01T13:28:12.985+0800][0.214s] Heap Region Size: 1M
[2023-04-01T13:28:12.985+0800][0.214s] Heap Min Capacity: 512M
[2023-04-01T13:28:12.985+0800][0.214s] Heap Initial Capacity: 512M
[2023-04-01T13:28:12.985+0800][0.214s] Heap Max Capacity: 512M
[2023-04-01T13:28:12.985+0800][0.214s] Pre-touch: Enabled
[2023-04-01T13:28:12.985+0800][0.214s] Parallel Workers: 8
[2023-04-01T13:28:12.985+0800][0.214s] Concurrent Workers: 2
[2023-04-01T13:28:12.985+0800][0.214s] Concurrent Refinement Workers: 8
[2023-04-01T13:28:12.985+0800][0.214s] Periodic GC: Disabled
[2023-04-01T13:28:12.986+0800][0.215s] CDS archive(s) mapped at: [0x0000000800000000-0x0000000800bc0000-0x0000000800bc0000), size 12320768, SharedBaseAddress: 0x0000000800000000, ArchiveRelocationMode: 0.
[2023-04-01T13:28:12.986+0800][0.215s] Compressed class space mapped at: 0x0000000800c00000-0x0000000840c00000, reserved size: 1073741824
[2023-04-01T13:28:12.986+0800][0.215s] Narrow klass base: 0x0000000800000000, Narrow klass shift: 0, Narrow klass range: 0x100000000
[2023-04-01T13:28:15.168+0800][2.397s] GC(0) Pause Young (Normal) (G1 Evacuation Pause)
[2023-04-01T13:28:15.169+0800][2.398s] GC(0) Using 8 workers of 8 for evacuation
[2023-04-01T13:28:15.173+0800][2.402s] GC(0)   Pre Evacuate Collection Set: 0.1ms
[2023-04-01T13:28:15.173+0800][2.402s] GC(0)   Merge Heap Roots: 0.3ms
[2023-04-01T13:28:15.173+0800][2.402s] GC(0)   Evacuate Collection Set: 2.4ms
[2023-04-01T13:28:15.173+0800][2.402s] GC(0)   Post Evacuate Collection Set: 0.9ms
[2023-04-01T13:28:15.173+0800][2.402s] GC(0)   Other: 1.0ms
[2023-04-01T13:28:15.173+0800][2.402s] GC(0) Eden regions: 29->0(37)
[2023-04-01T13:28:15.173+0800][2.402s] GC(0) Survivor regions: 0->4(4)
[2023-04-01T13:28:15.173+0800][2.402s] GC(0) Old regions: 0->3
[2023-04-01T13:28:15.173+0800][2.402s] GC(0) Archive regions: 0->0
[2023-04-01T13:28:15.173+0800][2.402s] GC(0) Humongous regions: 4->4
[2023-04-01T13:28:15.173+0800][2.402s] GC(0) Metaspace: 9875K(10048K)->9875K(10048K) NonClass: 8705K(8768K)->8705K(8768K) Class: 1170K(1280K)->1170K(1280K)
[2023-04-01T13:28:15.173+0800][2.403s] GC(0) Pause Young (Normal) (G1 Evacuation Pause) 33M->10M(512M) 5.111ms
[2023-04-01T13:28:15.174+0800][2.403s] GC(0) User=0.00s Sys=0.00s Real=0.01s
[2023-04-01T13:28:15.834+0800][3.063s] GC(1) Pause Young (Normal) (G1 Evacuation Pause)
[2023-04-01T13:28:15.834+0800][3.063s] GC(1) Using 8 workers of 8 for evacuation
[2023-04-01T13:28:15.838+0800][3.067s] GC(1)   Pre Evacuate Collection Set: 0.1ms
[2023-04-01T13:28:15.838+0800][3.067s] GC(1)   Merge Heap Roots: 0.0ms
[2023-04-01T13:28:15.839+0800][3.067s] GC(1)   Evacuate Collection Set: 3.7ms
[2023-04-01T13:28:15.839+0800][3.067s] GC(1)   Post Evacuate Collection Set: 0.4ms
[2023-04-01T13:28:15.839+0800][3.067s] GC(1)   Other: 0.1ms
[2023-04-01T13:28:15.839+0800][3.067s] GC(1) Eden regions: 32->0(46)
[2023-04-01T13:28:15.839+0800][3.067s] GC(1) Survivor regions: 4->5(5)
[2023-04-01T13:28:15.839+0800][3.067s] GC(1) Old regions: 3->11
[2023-04-01T13:28:15.839+0800][3.067s] GC(1) Archive regions: 0->0
[2023-04-01T13:28:15.839+0800][3.067s] GC(1) Humongous regions: 4->4
[2023-04-01T13:28:15.839+0800][3.067s] GC(1) Metaspace: 15557K(15808K)->15557K(15808K) NonClass: 13737K(13824K)->13737K(13824K) Class: 1819K(1984K)->1819K(1984K)
[2023-04-01T13:28:15.839+0800][3.067s] GC(1) Pause Young (Normal) (G1 Evacuation Pause) 42M->19M(512M) 4.470ms
[2023-04-01T13:28:15.839+0800][3.068s] GC(1) User=0.00s Sys=0.00s Real=0.00s
[2023-04-01T13:28:16.611+0800][3.840s] GC(2) Pause Young (Normal) (G1 Evacuation Pause)
[2023-04-01T13:28:16.611+0800][3.840s] GC(2) Using 8 workers of 8 for evacuation
[2023-04-01T13:28:16.613+0800][3.842s] GC(2)   Pre Evacuate Collection Set: 0.1ms
[2023-04-01T13:28:16.613+0800][3.842s] GC(2)   Merge Heap Roots: 0.0ms
[2023-04-01T13:28:16.613+0800][3.842s] GC(2)   Evacuate Collection Set: 1.8ms
[2023-04-01T13:28:16.613+0800][3.842s] GC(2)   Post Evacuate Collection Set: 0.5ms
[2023-04-01T13:28:16.613+0800][3.842s] GC(2)   Other: 0.1ms
[2023-04-01T13:28:16.613+0800][3.842s] GC(2) Eden regions: 46->0(131)
[2023-04-01T13:28:16.613+0800][3.842s] GC(2) Survivor regions: 5->5(7)
[2023-04-01T13:28:16.613+0800][3.842s] GC(2) Old regions: 11->16
[2023-04-01T13:28:16.613+0800][3.842s] GC(2) Archive regions: 0->0
[2023-04-01T13:28:16.613+0800][3.842s] GC(2) Humongous regions: 4->4
[2023-04-01T13:28:16.613+0800][3.842s] GC(2) Metaspace: 21175K(21376K)->21175K(21376K) NonClass: 18786K(18880K)->18786K(18880K) Class: 2388K(2496K)->2388K(2496K)
[2023-04-01T13:28:16.613+0800][3.842s] GC(2) Pause Young (Normal) (G1 Evacuation Pause) 65M->24M(512M) 2.708ms
[2023-04-01T13:28:16.613+0800][3.842s] GC(2) User=0.00s Sys=0.00s Real=0.00s
[2023-04-01T13:28:16.629+0800][3.857s] GC(3) Pause Young (Concurrent Start) (Metadata GC Threshold)
[2023-04-01T13:28:16.629+0800][3.857s] GC(3) Using 8 workers of 8 for evacuation
[2023-04-01T13:28:16.630+0800][3.859s] GC(3)   Pre Evacuate Collection Set: 0.1ms
[2023-04-01T13:28:16.630+0800][3.859s] GC(3)   Merge Heap Roots: 0.1ms
[2023-04-01T13:28:16.630+0800][3.859s] GC(3)   Evacuate Collection Set: 0.8ms
[2023-04-01T13:28:16.630+0800][3.859s] GC(3)   Post Evacuate Collection Set: 0.2ms
[2023-04-01T13:28:16.630+0800][3.859s] GC(3)   Other: 0.3ms
[2023-04-01T13:28:16.630+0800][3.859s] GC(3) Eden regions: 2->0(232)
[2023-04-01T13:28:16.630+0800][3.859s] GC(3) Survivor regions: 5->5(17)
[2023-04-01T13:28:16.630+0800][3.859s] GC(3) Old regions: 16->16
[2023-04-01T13:28:16.630+0800][3.859s] GC(3) Archive regions: 0->0
[2023-04-01T13:28:16.630+0800][3.859s] GC(3) Humongous regions: 4->4
[2023-04-01T13:28:16.630+0800][3.859s] GC(3) Metaspace: 21352K(21504K)->21352K(21504K) NonClass: 18944K(19008K)->18944K(19008K) Class: 2408K(2496K)->2408K(2496K)
[2023-04-01T13:28:16.630+0800][3.859s] GC(3) Pause Young (Concurrent Start) (Metadata GC Threshold) 25M->24M(512M) 1.564ms
[2023-04-01T13:28:16.630+0800][3.859s] GC(3) User=0.05s Sys=0.02s Real=0.00s
[2023-04-01T13:28:16.630+0800][3.859s] GC(4) Concurrent Mark Cycle
[2023-04-01T13:28:16.630+0800][3.859s] GC(4) Concurrent Clear Claimed Marks
[2023-04-01T13:28:16.630+0800][3.859s] GC(4) Concurrent Clear Claimed Marks 0.020ms
[2023-04-01T13:28:16.630+0800][3.859s] GC(4) Concurrent Scan Root Regions
[2023-04-01T13:28:16.631+0800][3.860s] GC(4) Concurrent Scan Root Regions 0.856ms
[2023-04-01T13:28:16.631+0800][3.860s] GC(4) Concurrent Mark
[2023-04-01T13:28:16.631+0800][3.860s] GC(4) Concurrent Mark From Roots
[2023-04-01T13:28:16.631+0800][3.860s] GC(4) Using 2 workers of 2 for marking
[2023-04-01T13:28:16.666+0800][3.895s] GC(4) Concurrent Mark From Roots 34.647ms
[2023-04-01T13:28:16.666+0800][3.895s] GC(4) Concurrent Preclean
[2023-04-01T13:28:16.666+0800][3.895s] GC(4) Concurrent Preclean 0.132ms
[2023-04-01T13:28:16.666+0800][3.895s] GC(4) Pause Remark
[2023-04-01T13:28:16.667+0800][3.896s] GC(4) Pause Remark 27M->27M(512M) 1.216ms
[2023-04-01T13:28:16.667+0800][3.896s] GC(4) User=0.00s Sys=0.00s Real=0.00s
[2023-04-01T13:28:16.667+0800][3.896s] GC(4) Concurrent Mark 36.227ms
[2023-04-01T13:28:16.667+0800][3.896s] GC(4) Concurrent Rebuild Remembered Sets
[2023-04-01T13:28:16.671+0800][3.901s] GC(4) Concurrent Rebuild Remembered Sets 4.319ms
[2023-04-01T13:28:16.671+0800][3.901s] GC(4) Pause Cleanup
[2023-04-01T13:28:16.671+0800][3.901s] GC(4) Pause Cleanup 27M->27M(512M) 0.109ms
[2023-04-01T13:28:16.671+0800][3.901s] GC(4) User=0.00s Sys=0.00s Real=0.00s
[2023-04-01T13:28:16.671+0800][3.901s] GC(4) Concurrent Cleanup for Next Mark
[2023-04-01T13:28:16.672+0800][3.901s] GC(4) Concurrent Cleanup for Next Mark 0.283ms
[2023-04-01T13:28:16.672+0800][3.901s] GC(4) Concurrent Mark Cycle 42.158ms
[2023-04-01T13:28:19.636+0800][6.866s] GC(5) Pause Young (Prepare Mixed) (Metadata GC Threshold)
[2023-04-01T13:28:19.636+0800][6.866s] GC(5) Using 8 workers of 8 for evacuation
[2023-04-01T13:28:19.640+0800][6.869s] GC(5)   Pre Evacuate Collection Set: 0.1ms
[2023-04-01T13:28:19.640+0800][6.869s] GC(5)   Merge Heap Roots: 0.1ms
[2023-04-01T13:28:19.640+0800][6.869s] GC(5)   Evacuate Collection Set: 3.0ms
[2023-04-01T13:28:19.640+0800][6.869s] GC(5)   Post Evacuate Collection Set: 0.5ms
[2023-04-01T13:28:19.640+0800][6.869s] GC(5)   Other: 0.1ms
[2023-04-01T13:28:19.640+0800][6.869s] GC(5) Eden regions: 93->0(13)
[2023-04-01T13:28:19.640+0800][6.869s] GC(5) Survivor regions: 5->12(30)
[2023-04-01T13:28:19.640+0800][6.869s] GC(5) Old regions: 16->16
[2023-04-01T13:28:19.640+0800][6.869s] GC(5) Archive regions: 0->0
[2023-04-01T13:28:19.640+0800][6.869s] GC(5) Humongous regions: 5->4
[2023-04-01T13:28:19.640+0800][6.869s] GC(5) Metaspace: 36497K(36736K)->36497K(36736K) NonClass: 32189K(32320K)->32189K(32320K) Class: 4307K(4416K)->4307K(4416K)
[2023-04-01T13:28:19.640+0800][6.869s] GC(5) Pause Young (Prepare Mixed) (Metadata GC Threshold) 117M->30M(512M) 3.943ms
[2023-04-01T13:28:19.640+0800][6.869s] GC(5) User=0.00s Sys=0.00s Real=0.00s
[2023-04-01T13:28:19.862+0800][7.091s] GC(6) Pause Young (Mixed) (Metadata GC Threshold)
[2023-04-01T13:28:19.862+0800][7.091s] GC(6) Using 8 workers of 8 for evacuation
[2023-04-01T13:28:19.865+0800][7.094s] GC(6)   Pre Evacuate Collection Set: 0.0ms
[2023-04-01T13:28:19.865+0800][7.094s] GC(6)   Merge Heap Roots: 0.0ms
[2023-04-01T13:28:19.865+0800][7.094s] GC(6)   Evacuate Collection Set: 2.5ms
[2023-04-01T13:28:19.865+0800][7.094s] GC(6)   Post Evacuate Collection Set: 0.4ms
[2023-04-01T13:28:19.865+0800][7.094s] GC(6)   Other: 0.1ms
[2023-04-01T13:28:19.865+0800][7.094s] GC(6) Eden regions: 5->0(305)
[2023-04-01T13:28:19.865+0800][7.094s] GC(6) Survivor regions: 12->2(4)
[2023-04-01T13:28:19.865+0800][7.094s] GC(6) Old regions: 16->26
[2023-04-01T13:28:19.865+0800][7.094s] GC(6) Archive regions: 0->0
[2023-04-01T13:28:19.865+0800][7.094s] GC(6) Humongous regions: 4->4
[2023-04-01T13:28:19.865+0800][7.094s] GC(6) Metaspace: 36803K(37056K)->36803K(37056K) NonClass: 32478K(32576K)->32478K(32576K) Class: 4324K(4480K)->4324K(4480K)
[2023-04-01T13:28:19.865+0800][7.094s] GC(6) Pause Young (Mixed) (Metadata GC Threshold) 34M->31M(512M) 3.251ms
[2023-04-01T13:28:19.865+0800][7.094s] GC(6) User=0.00s Sys=0.00s Real=0.00s
[2023-04-01T13:28:20.085+0800][7.314s] GC(7) Pause Young (Concurrent Start) (Metadata GC Threshold)
[2023-04-01T13:28:20.085+0800][7.314s] GC(7) Using 8 workers of 8 for evacuation
[2023-04-01T13:28:20.085+0800][7.314s] GC(7)   Pre Evacuate Collection Set: 0.1ms
[2023-04-01T13:28:20.085+0800][7.314s] GC(7)   Merge Heap Roots: 0.0ms
[2023-04-01T13:28:20.085+0800][7.314s] GC(7)   Evacuate Collection Set: 0.5ms
[2023-04-01T13:28:20.085+0800][7.314s] GC(7)   Post Evacuate Collection Set: 0.2ms
[2023-04-01T13:28:20.085+0800][7.315s] GC(7)   Other: 0.1ms
[2023-04-01T13:28:20.085+0800][7.315s] GC(7) Eden regions: 11->0(306)
[2023-04-01T13:28:20.086+0800][7.315s] GC(7) Survivor regions: 2->1(39)
[2023-04-01T13:28:20.086+0800][7.315s] GC(7) Old regions: 26->26
[2023-04-01T13:28:20.086+0800][7.315s] GC(7) Archive regions: 0->0
[2023-04-01T13:28:20.086+0800][7.315s] GC(7) Humongous regions: 4->4
[2023-04-01T13:28:20.086+0800][7.315s] GC(7) Metaspace: 37132K(37376K)->37132K(37376K) NonClass: 32787K(32896K)->32787K(32896K) Class: 4344K(4480K)->4344K(4480K)
[2023-04-01T13:28:20.086+0800][7.315s] GC(7) Pause Young (Concurrent Start) (Metadata GC Threshold) 41M->30M(512M) 0.956ms
[2023-04-01T13:28:20.086+0800][7.315s] GC(7) User=0.00s Sys=0.00s Real=0.00s
[2023-04-01T13:28:20.086+0800][7.315s] GC(8) Concurrent Mark Cycle
[2023-04-01T13:28:20.086+0800][7.315s] GC(8) Concurrent Clear Claimed Marks
[2023-04-01T13:28:20.086+0800][7.315s] GC(8) Concurrent Clear Claimed Marks 0.017ms
[2023-04-01T13:28:20.086+0800][7.315s] GC(8) Concurrent Scan Root Regions
[2023-04-01T13:28:20.086+0800][7.315s] GC(8) Concurrent Scan Root Regions 0.772ms
[2023-04-01T13:28:20.086+0800][7.315s] GC(8) Concurrent Mark
[2023-04-01T13:28:20.086+0800][7.316s] GC(8) Concurrent Mark From Roots
[2023-04-01T13:28:20.087+0800][7.316s] GC(8) Using 2 workers of 2 for marking
[2023-04-01T13:28:20.099+0800][7.328s] GC(8) Concurrent Mark From Roots 12.601ms
[2023-04-01T13:28:20.099+0800][7.328s] GC(8) Concurrent Preclean
[2023-04-01T13:28:20.099+0800][7.328s] GC(8) Concurrent Preclean 0.156ms
[2023-04-01T13:28:20.099+0800][7.328s] GC(8) Pause Remark
[2023-04-01T13:28:20.101+0800][7.331s] GC(8) Pause Remark 31M->31M(512M) 2.145ms
[2023-04-01T13:28:20.102+0800][7.331s] GC(8) User=0.00s Sys=0.00s Real=0.00s
[2023-04-01T13:28:20.102+0800][7.331s] GC(8) Concurrent Mark 15.123ms
[2023-04-01T13:28:20.102+0800][7.331s] GC(8) Concurrent Rebuild Remembered Sets
[2023-04-01T13:28:20.109+0800][7.337s] GC(8) Concurrent Rebuild Remembered Sets 6.629ms
[2023-04-01T13:28:20.109+0800][7.337s] GC(8) Pause Cleanup
[2023-04-01T13:28:20.109+0800][7.337s] GC(8) Pause Cleanup 31M->31M(512M) 0.080ms
[2023-04-01T13:28:20.109+0800][7.337s] GC(8) User=0.00s Sys=0.00s Real=0.00s
[2023-04-01T13:28:20.109+0800][7.338s] GC(8) Concurrent Cleanup for Next Mark
[2023-04-01T13:28:20.109+0800][7.338s] GC(8) Concurrent Cleanup for Next Mark 0.271ms
[2023-04-01T13:28:20.109+0800][7.338s] GC(8) Concurrent Mark Cycle 23.187ms
[2023-04-01T15:02:32.427+0800][5659.656s] GC(9) Pause Young (Normal) (G1 Evacuation Pause)
[2023-04-01T15:02:32.427+0800][5659.656s] GC(9) Using 8 workers of 8 for evacuation
[2023-04-01T15:02:32.444+0800][5659.673s] GC(9)   Pre Evacuate Collection Set: 0.5ms
[2023-04-01T15:02:32.444+0800][5659.673s] GC(9)   Merge Heap Roots: 0.1ms
[2023-04-01T15:02:32.444+0800][5659.673s] GC(9)   Evacuate Collection Set: 15.3ms
[2023-04-01T15:02:32.445+0800][5659.673s] GC(9)   Post Evacuate Collection Set: 1.4ms
[2023-04-01T15:02:32.445+0800][5659.673s] GC(9)   Other: 0.4ms
[2023-04-01T15:02:32.445+0800][5659.673s] GC(9) Eden regions: 306->0(295)
[2023-04-01T15:02:32.445+0800][5659.673s] GC(9) Survivor regions: 1->12(39)
[2023-04-01T15:02:32.445+0800][5659.673s] GC(9) Old regions: 26->26
[2023-04-01T15:02:32.445+0800][5659.673s] GC(9) Archive regions: 0->0
[2023-04-01T15:02:32.445+0800][5659.673s] GC(9) Humongous regions: 7->7
[2023-04-01T15:02:32.445+0800][5659.673s] GC(9) Metaspace: 50221K(50560K)->50221K(50560K) NonClass: 44298K(44480K)->44298K(44480K) Class: 5923K(6080K)->5923K(6080K)
[2023-04-01T15:02:32.445+0800][5659.673s] GC(9) Pause Young (Normal) (G1 Evacuation Pause) 339M->44M(512M) 17.830ms
[2023-04-01T15:02:32.445+0800][5659.674s] GC(9) User=0.00s Sys=0.03s Real=0.02s
[2023-04-01T21:45:31.393+0800][29838.621s] GC(10) Pause Young (Normal) (G1 Evacuation Pause)
[2023-04-01T21:45:31.393+0800][29838.622s] GC(10) Using 8 workers of 8 for evacuation
[2023-04-01T21:45:31.408+0800][29838.638s] GC(10)   Pre Evacuate Collection Set: 0.5ms
[2023-04-01T21:45:31.408+0800][29838.638s] GC(10)   Merge Heap Roots: 0.2ms
[2023-04-01T21:45:31.408+0800][29838.638s] GC(10)   Evacuate Collection Set: 13.2ms
[2023-04-01T21:45:31.408+0800][29838.638s] GC(10)   Post Evacuate Collection Set: 1.9ms
[2023-04-01T21:45:31.408+0800][29838.638s] GC(10)   Other: 0.6ms
[2023-04-01T21:45:31.408+0800][29838.638s] GC(10) Eden regions: 295->0(296)
[2023-04-01T21:45:31.408+0800][29838.638s] GC(10) Survivor regions: 12->11(39)
[2023-04-01T21:45:31.408+0800][29838.638s] GC(10) Old regions: 26->26
[2023-04-01T21:45:31.408+0800][29838.638s] GC(10) Archive regions: 0->0
[2023-04-01T21:45:31.408+0800][29838.638s] GC(10) Humongous regions: 7->7
[2023-04-01T21:45:31.408+0800][29838.638s] GC(10) Metaspace: 50492K(50880K)->50492K(50880K) NonClass: 44568K(44800K)->44568K(44800K) Class: 5923K(6080K)->5923K(6080K)
[2023-04-01T21:45:31.408+0800][29838.638s] GC(10) Pause Young (Normal) (G1 Evacuation Pause) 339M->43M(512M) 16.415ms
[2023-04-01T21:45:31.408+0800][29838.638s] GC(10) User=0.00s Sys=0.02s Real=0.02s
