[2023-03-31T20:15:32.965+0800][0.012s] Using G1
[2023-03-31T20:15:33.150+0800][0.198s] Version: 17.0.3.1+2-LTS-6 (release)
[2023-03-31T20:15:33.151+0800][0.198s] CPUs: 8 total, 8 available
[2023-03-31T20:15:33.151+0800][0.198s] Memory: 16299M
[2023-03-31T20:15:33.151+0800][0.198s] Large Page Support: Disabled
[2023-03-31T20:15:33.151+0800][0.198s] NUMA Support: Disabled
[2023-03-31T20:15:33.151+0800][0.198s] Compressed Oops: Enabled (32-bit)
[2023-03-31T20:15:33.151+0800][0.198s] Heap Region Size: 1M
[2023-03-31T20:15:33.151+0800][0.198s] Heap Min Capacity: 512M
[2023-03-31T20:15:33.151+0800][0.198s] Heap Initial Capacity: 512M
[2023-03-31T20:15:33.151+0800][0.199s] Heap Max Capacity: 512M
[2023-03-31T20:15:33.151+0800][0.199s] Pre-touch: Enabled
[2023-03-31T20:15:33.151+0800][0.199s] Parallel Workers: 8
[2023-03-31T20:15:33.151+0800][0.199s] Concurrent Workers: 2
[2023-03-31T20:15:33.151+0800][0.199s] Concurrent Refinement Workers: 8
[2023-03-31T20:15:33.151+0800][0.199s] Periodic GC: Disabled
[2023-03-31T20:15:33.152+0800][0.200s] CDS archive(s) mapped at: [0x0000000800000000-0x0000000800bc0000-0x0000000800bc0000), size 12320768, SharedBaseAddress: 0x0000000800000000, ArchiveRelocationMode: 0.
[2023-03-31T20:15:33.152+0800][0.200s] Compressed class space mapped at: 0x0000000800c00000-0x0000000840c00000, reserved size: 1073741824
[2023-03-31T20:15:33.152+0800][0.200s] Narrow klass base: 0x0000000800000000, Narrow klass shift: 0, Narrow klass range: 0x100000000
[2023-03-31T20:15:34.019+0800][1.067s] GC(0) Pause Young (Normal) (G1 Evacuation Pause)
[2023-03-31T20:15:34.019+0800][1.067s] GC(0) Using 8 workers of 8 for evacuation
[2023-03-31T20:15:34.027+0800][1.075s] GC(0)   Pre Evacuate Collection Set: 0.1ms
[2023-03-31T20:15:34.027+0800][1.075s] GC(0)   Merge Heap Roots: 0.1ms
[2023-03-31T20:15:34.027+0800][1.075s] GC(0)   Evacuate Collection Set: 7.0ms
[2023-03-31T20:15:34.027+0800][1.075s] GC(0)   Post Evacuate Collection Set: 0.4ms
[2023-03-31T20:15:34.027+0800][1.075s] GC(0)   Other: 0.5ms
[2023-03-31T20:15:34.027+0800][1.075s] GC(0) Eden regions: 29->0(38)
[2023-03-31T20:15:34.027+0800][1.075s] GC(0) Survivor regions: 0->4(4)
[2023-03-31T20:15:34.027+0800][1.075s] GC(0) Old regions: 0->2
[2023-03-31T20:15:34.027+0800][1.075s] GC(0) Archive regions: 0->0
[2023-03-31T20:15:34.027+0800][1.075s] GC(0) Humongous regions: 4->4
[2023-03-31T20:15:34.027+0800][1.075s] GC(0) Metaspace: 9867K(10048K)->9867K(10048K) NonClass: 8697K(8768K)->8697K(8768K) Class: 1169K(1280K)->1169K(1280K)
[2023-03-31T20:15:34.027+0800][1.075s] GC(0) Pause Young (Normal) (G1 Evacuation Pause) 33M->9M(512M) 8.276ms
[2023-03-31T20:15:34.027+0800][1.075s] GC(0) User=0.00s Sys=0.00s Real=0.01s
[2023-03-31T20:15:34.614+0800][1.662s] GC(1) Pause Young (Normal) (G1 Evacuation Pause)
[2023-03-31T20:15:34.614+0800][1.662s] GC(1) Using 8 workers of 8 for evacuation
[2023-03-31T20:15:34.618+0800][1.666s] GC(1)   Pre Evacuate Collection Set: 0.1ms
[2023-03-31T20:15:34.618+0800][1.666s] GC(1)   Merge Heap Roots: 0.1ms
[2023-03-31T20:15:34.618+0800][1.666s] GC(1)   Evacuate Collection Set: 3.5ms
[2023-03-31T20:15:34.618+0800][1.666s] GC(1)   Post Evacuate Collection Set: 0.4ms
[2023-03-31T20:15:34.618+0800][1.666s] GC(1)   Other: 0.1ms
[2023-03-31T20:15:34.618+0800][1.666s] GC(1) Eden regions: 34->0(48)
[2023-03-31T20:15:34.618+0800][1.666s] GC(1) Survivor regions: 4->5(5)
[2023-03-31T20:15:34.618+0800][1.666s] GC(1) Old regions: 2->11
[2023-03-31T20:15:34.618+0800][1.666s] GC(1) Archive regions: 0->0
[2023-03-31T20:15:34.618+0800][1.666s] GC(1) Humongous regions: 4->4
[2023-03-31T20:15:34.618+0800][1.666s] GC(1) Metaspace: 15534K(15808K)->15534K(15808K) NonClass: 13715K(13824K)->13715K(13824K) Class: 1818K(1984K)->1818K(1984K)
[2023-03-31T20:15:34.618+0800][1.666s] GC(1) Pause Young (Normal) (G1 Evacuation Pause) 43M->19M(512M) 4.315ms
[2023-03-31T20:15:34.618+0800][1.666s] GC(1) User=0.00s Sys=0.00s Real=0.00s
[2023-03-31T20:15:35.170+0800][2.219s] GC(2) Pause Young (Concurrent Start) (Metadata GC Threshold)
[2023-03-31T20:15:35.171+0800][2.219s] GC(2) Using 8 workers of 8 for evacuation
[2023-03-31T20:15:35.173+0800][2.221s] GC(2)   Pre Evacuate Collection Set: 0.1ms
[2023-03-31T20:15:35.173+0800][2.221s] GC(2)   Merge Heap Roots: 0.1ms
[2023-03-31T20:15:35.173+0800][2.221s] GC(2)   Evacuate Collection Set: 1.9ms
[2023-03-31T20:15:35.173+0800][2.221s] GC(2)   Post Evacuate Collection Set: 0.4ms
[2023-03-31T20:15:35.173+0800][2.221s] GC(2)   Other: 0.2ms
[2023-03-31T20:15:35.173+0800][2.221s] GC(2) Eden regions: 46->0(76)
[2023-03-31T20:15:35.173+0800][2.221s] GC(2) Survivor regions: 5->5(7)
[2023-03-31T20:15:35.173+0800][2.221s] GC(2) Old regions: 11->17
[2023-03-31T20:15:35.173+0800][2.221s] GC(2) Archive regions: 0->0
[2023-03-31T20:15:35.173+0800][2.221s] GC(2) Humongous regions: 4->4
[2023-03-31T20:15:35.173+0800][2.221s] GC(2) Metaspace: 21326K(21504K)->21326K(21504K) NonClass: 18918K(19008K)->18918K(19008K) Class: 2407K(2496K)->2407K(2496K)
[2023-03-31T20:15:35.173+0800][2.221s] GC(2) Pause Young (Concurrent Start) (Metadata GC Threshold) 65M->24M(512M) 2.739ms
[2023-03-31T20:15:35.173+0800][2.221s] GC(2) User=0.00s Sys=0.00s Real=0.00s
[2023-03-31T20:15:35.173+0800][2.221s] GC(3) Concurrent Mark Cycle
[2023-03-31T20:15:35.173+0800][2.221s] GC(3) Concurrent Clear Claimed Marks
[2023-03-31T20:15:35.173+0800][2.222s] GC(3) Concurrent Clear Claimed Marks 0.022ms
[2023-03-31T20:15:35.173+0800][2.222s] GC(3) Concurrent Scan Root Regions
[2023-03-31T20:15:35.175+0800][2.223s] GC(3) Concurrent Scan Root Regions 1.401ms
[2023-03-31T20:15:35.175+0800][2.223s] GC(3) Concurrent Mark
[2023-03-31T20:15:35.175+0800][2.223s] GC(3) Concurrent Mark From Roots
[2023-03-31T20:15:35.175+0800][2.223s] GC(3) Using 2 workers of 2 for marking
[2023-03-31T20:15:35.182+0800][2.230s] GC(3) Concurrent Mark From Roots 6.826ms
[2023-03-31T20:15:35.182+0800][2.230s] GC(3) Concurrent Preclean
[2023-03-31T20:15:35.182+0800][2.230s] GC(3) Concurrent Preclean 0.108ms
[2023-03-31T20:15:35.182+0800][2.230s] GC(3) Pause Remark
[2023-03-31T20:15:35.183+0800][2.231s] GC(3) Pause Remark 26M->26M(512M) 0.972ms
[2023-03-31T20:15:35.183+0800][2.231s] GC(3) User=0.02s Sys=0.00s Real=0.00s
[2023-03-31T20:15:35.183+0800][2.231s] GC(3) Concurrent Mark 8.517ms
[2023-03-31T20:15:35.183+0800][2.232s] GC(3) Concurrent Rebuild Remembered Sets
[2023-03-31T20:15:35.188+0800][2.236s] GC(3) Concurrent Rebuild Remembered Sets 4.141ms
[2023-03-31T20:15:35.188+0800][2.236s] GC(3) Pause Cleanup
[2023-03-31T20:15:35.188+0800][2.236s] GC(3) Pause Cleanup 26M->26M(512M) 0.091ms
[2023-03-31T20:15:35.188+0800][2.236s] GC(3) User=0.00s Sys=0.00s Real=0.00s
[2023-03-31T20:15:35.188+0800][2.236s] GC(3) Concurrent Cleanup for Next Mark
[2023-03-31T20:15:35.188+0800][2.236s] GC(3) Concurrent Cleanup for Next Mark 0.294ms
[2023-03-31T20:15:35.188+0800][2.236s] GC(3) Concurrent Mark Cycle 14.760ms
[2023-03-31T20:15:36.196+0800][3.245s] GC(4) Pause Young (Prepare Mixed) (G1 Evacuation Pause)
[2023-03-31T20:15:36.196+0800][3.245s] GC(4) Using 8 workers of 8 for evacuation
[2023-03-31T20:15:36.200+0800][3.248s] GC(4)   Pre Evacuate Collection Set: 0.1ms
[2023-03-31T20:15:36.200+0800][3.248s] GC(4)   Merge Heap Roots: 0.0ms
[2023-03-31T20:15:36.200+0800][3.248s] GC(4)   Evacuate Collection Set: 3.2ms
[2023-03-31T20:15:36.200+0800][3.248s] GC(4)   Post Evacuate Collection Set: 0.4ms
[2023-03-31T20:15:36.200+0800][3.248s] GC(4)   Other: 0.1ms
[2023-03-31T20:15:36.200+0800][3.248s] GC(4) Eden regions: 76->0(15)
[2023-03-31T20:15:36.200+0800][3.248s] GC(4) Survivor regions: 5->10(11)
[2023-03-31T20:15:36.200+0800][3.248s] GC(4) Old regions: 17->17
[2023-03-31T20:15:36.200+0800][3.248s] GC(4) Archive regions: 0->0
[2023-03-31T20:15:36.200+0800][3.248s] GC(4) Humongous regions: 4->4
[2023-03-31T20:15:36.200+0800][3.248s] GC(4) Metaspace: 34276K(34624K)->34276K(34624K) NonClass: 30258K(30464K)->30258K(30464K) Class: 4018K(4160K)->4018K(4160K)
[2023-03-31T20:15:36.200+0800][3.248s] GC(4) Pause Young (Prepare Mixed) (G1 Evacuation Pause) 100M->29M(512M) 3.980ms
[2023-03-31T20:15:36.200+0800][3.249s] GC(4) User=0.02s Sys=0.00s Real=0.00s
[2023-03-31T20:15:36.339+0800][3.387s] GC(5) Pause Young (Mixed) (Metadata GC Threshold)
[2023-03-31T20:15:36.339+0800][3.387s] GC(5) Using 8 workers of 8 for evacuation
[2023-03-31T20:15:36.341+0800][3.390s] GC(5)   Pre Evacuate Collection Set: 0.1ms
[2023-03-31T20:15:36.341+0800][3.390s] GC(5)   Merge Heap Roots: 0.0ms
[2023-03-31T20:15:36.341+0800][3.390s] GC(5)   Evacuate Collection Set: 2.1ms
[2023-03-31T20:15:36.341+0800][3.390s] GC(5)   Post Evacuate Collection Set: 0.2ms
[2023-03-31T20:15:36.341+0800][3.390s] GC(5)   Other: 0.1ms
[2023-03-31T20:15:36.341+0800][3.390s] GC(5) Eden regions: 12->0(304)
[2023-03-31T20:15:36.342+0800][3.390s] GC(5) Survivor regions: 10->3(4)
[2023-03-31T20:15:36.342+0800][3.390s] GC(5) Old regions: 17->25
[2023-03-31T20:15:36.342+0800][3.390s] GC(5) Archive regions: 0->0
[2023-03-31T20:15:36.342+0800][3.390s] GC(5) Humongous regions: 5->4
[2023-03-31T20:15:36.342+0800][3.390s] GC(5) Metaspace: 36150K(36416K)->36150K(36416K) NonClass: 31901K(32000K)->31901K(32000K) Class: 4248K(4416K)->4248K(4416K)
[2023-03-31T20:15:36.342+0800][3.390s] GC(5) Pause Young (Mixed) (Metadata GC Threshold) 41M->31M(512M) 2.622ms
[2023-03-31T20:15:36.342+0800][3.390s] GC(5) User=0.00s Sys=0.00s Real=0.00s
[2023-03-31T20:15:36.386+0800][3.434s] GC(6) Pause Young (Concurrent Start) (Metadata GC Threshold)
[2023-03-31T20:15:36.386+0800][3.434s] GC(6) Using 8 workers of 8 for evacuation
[2023-03-31T20:15:36.387+0800][3.435s] GC(6)   Pre Evacuate Collection Set: 0.1ms
[2023-03-31T20:15:36.387+0800][3.435s] GC(6)   Merge Heap Roots: 0.0ms
[2023-03-31T20:15:36.387+0800][3.435s] GC(6)   Evacuate Collection Set: 0.7ms
[2023-03-31T20:15:36.387+0800][3.435s] GC(6)   Post Evacuate Collection Set: 0.2ms
[2023-03-31T20:15:36.387+0800][3.435s] GC(6)   Other: 0.1ms
[2023-03-31T20:15:36.387+0800][3.435s] GC(6) Eden regions: 6->0(304)
[2023-03-31T20:15:36.387+0800][3.435s] GC(6) Survivor regions: 3->3(39)
[2023-03-31T20:15:36.387+0800][3.435s] GC(6) Old regions: 25->25
[2023-03-31T20:15:36.387+0800][3.435s] GC(6) Archive regions: 0->0
[2023-03-31T20:15:36.387+0800][3.435s] GC(6) Humongous regions: 4->4
[2023-03-31T20:15:36.387+0800][3.435s] GC(6) Metaspace: 36448K(36736K)->36448K(36736K) NonClass: 32184K(32320K)->32184K(32320K) Class: 4264K(4416K)->4264K(4416K)
[2023-03-31T20:15:36.387+0800][3.435s] GC(6) Pause Young (Concurrent Start) (Metadata GC Threshold) 37M->30M(512M) 1.330ms
[2023-03-31T20:15:36.387+0800][3.435s] GC(6) User=0.02s Sys=0.00s Real=0.00s
[2023-03-31T20:15:36.387+0800][3.435s] GC(7) Concurrent Mark Cycle
[2023-03-31T20:15:36.387+0800][3.435s] GC(7) Concurrent Clear Claimed Marks
[2023-03-31T20:15:36.387+0800][3.435s] GC(7) Concurrent Clear Claimed Marks 0.022ms
[2023-03-31T20:15:36.387+0800][3.435s] GC(7) Concurrent Scan Root Regions
[2023-03-31T20:15:36.388+0800][3.436s] GC(7) Concurrent Scan Root Regions 0.622ms
[2023-03-31T20:15:36.388+0800][3.436s] GC(7) Concurrent Mark
[2023-03-31T20:15:36.388+0800][3.436s] GC(7) Concurrent Mark From Roots
[2023-03-31T20:15:36.388+0800][3.436s] GC(7) Using 2 workers of 2 for marking
[2023-03-31T20:15:36.401+0800][3.449s] GC(7) Concurrent Mark From Roots 13.284ms
[2023-03-31T20:15:36.401+0800][3.449s] GC(7) Concurrent Preclean
[2023-03-31T20:15:36.402+0800][3.450s] GC(7) Concurrent Preclean 0.153ms
[2023-03-31T20:15:36.402+0800][3.450s] GC(7) Pause Remark
[2023-03-31T20:15:36.403+0800][3.451s] GC(7) Pause Remark 32M->32M(512M) 1.445ms
[2023-03-31T20:15:36.403+0800][3.451s] GC(7) User=0.00s Sys=0.00s Real=0.00s
[2023-03-31T20:15:36.403+0800][3.451s] GC(7) Concurrent Mark 15.189ms
[2023-03-31T20:15:36.403+0800][3.451s] GC(7) Concurrent Rebuild Remembered Sets
[2023-03-31T20:15:36.409+0800][3.457s] GC(7) Concurrent Rebuild Remembered Sets 5.732ms
[2023-03-31T20:15:36.409+0800][3.457s] GC(7) Pause Cleanup
[2023-03-31T20:15:36.409+0800][3.457s] GC(7) Pause Cleanup 33M->33M(512M) 0.106ms
[2023-03-31T20:15:36.409+0800][3.457s] GC(7) User=0.00s Sys=0.00s Real=0.00s
[2023-03-31T20:15:36.410+0800][3.458s] GC(7) Concurrent Cleanup for Next Mark
[2023-03-31T20:15:36.410+0800][3.458s] GC(7) Concurrent Cleanup for Next Mark 0.397ms
[2023-03-31T20:15:36.410+0800][3.458s] GC(7) Concurrent Mark Cycle 23.039ms
[2023-03-31T20:15:54.870+0800][21.918s] GC(8) Pause Young (Normal) (G1 Evacuation Pause)
[2023-03-31T20:15:54.870+0800][21.918s] GC(8) Using 8 workers of 8 for evacuation
[2023-03-31T20:15:54.877+0800][21.925s] GC(8)   Pre Evacuate Collection Set: 0.1ms
[2023-03-31T20:15:54.877+0800][21.925s] GC(8)   Merge Heap Roots: 0.1ms
[2023-03-31T20:15:54.877+0800][21.925s] GC(8)   Evacuate Collection Set: 5.4ms
[2023-03-31T20:15:54.877+0800][21.925s] GC(8)   Post Evacuate Collection Set: 0.7ms
[2023-03-31T20:15:54.877+0800][21.925s] GC(8)   Other: 0.2ms
[2023-03-31T20:15:54.877+0800][21.925s] GC(8) Eden regions: 304->0(292)
[2023-03-31T20:15:54.877+0800][21.925s] GC(8) Survivor regions: 3->15(39)
[2023-03-31T20:15:54.877+0800][21.925s] GC(8) Old regions: 25->25
[2023-03-31T20:15:54.877+0800][21.925s] GC(8) Archive regions: 0->0
[2023-03-31T20:15:54.877+0800][21.925s] GC(8) Humongous regions: 7->7
[2023-03-31T20:15:54.877+0800][21.925s] GC(8) Metaspace: 50998K(51264K)->50998K(51264K) NonClass: 45054K(45184K)->45054K(45184K) Class: 5943K(6080K)->5943K(6080K)
[2023-03-31T20:15:54.877+0800][21.925s] GC(8) Pause Young (Normal) (G1 Evacuation Pause) 337M->46M(512M) 6.517ms
[2023-03-31T20:15:54.877+0800][21.925s] GC(8) User=0.00s Sys=0.00s Real=0.01s
[2023-03-31T21:47:25.194+0800][5512.242s] GC(9) Pause Young (Normal) (G1 Evacuation Pause)
[2023-03-31T21:47:25.194+0800][5512.243s] GC(9) Using 8 workers of 8 for evacuation
[2023-03-31T21:47:25.214+0800][5512.263s] GC(9)   Pre Evacuate Collection Set: 0.5ms
[2023-03-31T21:47:25.214+0800][5512.263s] GC(9)   Merge Heap Roots: 0.1ms
[2023-03-31T21:47:25.214+0800][5512.263s] GC(9)   Evacuate Collection Set: 18.0ms
[2023-03-31T21:47:25.214+0800][5512.263s] GC(9)   Post Evacuate Collection Set: 1.4ms
[2023-03-31T21:47:25.214+0800][5512.263s] GC(9)   Other: 0.4ms
[2023-03-31T21:47:25.214+0800][5512.263s] GC(9) Eden regions: 292->0(293)
[2023-03-31T21:47:25.214+0800][5512.263s] GC(9) Survivor regions: 15->14(39)
[2023-03-31T21:47:25.214+0800][5512.263s] GC(9) Old regions: 25->25
[2023-03-31T21:47:25.214+0800][5512.263s] GC(9) Archive regions: 0->0
[2023-03-31T21:47:25.214+0800][5512.263s] GC(9) Humongous regions: 7->7
[2023-03-31T21:47:25.214+0800][5512.263s] GC(9) Metaspace: 53793K(54208K)->53793K(54208K) NonClass: 47549K(47744K)->47549K(47744K) Class: 6244K(6464K)->6244K(6464K)
[2023-03-31T21:47:25.214+0800][5512.263s] GC(9) Pause Young (Normal) (G1 Evacuation Pause) 338M->45M(512M) 20.706ms
[2023-03-31T21:47:25.215+0800][5512.263s] GC(9) User=0.00s Sys=0.06s Real=0.02s
