[2023-03-31T19:25:15.478+0800][0.012s] Using G1
[2023-03-31T19:25:15.641+0800][0.175s] Version: 17.0.3.1+2-LTS-6 (release)
[2023-03-31T19:25:15.641+0800][0.175s] CPUs: 8 total, 8 available
[2023-03-31T19:25:15.641+0800][0.175s] Memory: 16299M
[2023-03-31T19:25:15.641+0800][0.175s] Large Page Support: Disabled
[2023-03-31T19:25:15.641+0800][0.175s] NUMA Support: Disabled
[2023-03-31T19:25:15.641+0800][0.175s] Compressed Oops: Enabled (32-bit)
[2023-03-31T19:25:15.641+0800][0.175s] Heap Region Size: 1M
[2023-03-31T19:25:15.641+0800][0.175s] Heap Min Capacity: 512M
[2023-03-31T19:25:15.641+0800][0.175s] Heap Initial Capacity: 512M
[2023-03-31T19:25:15.641+0800][0.175s] Heap Max Capacity: 512M
[2023-03-31T19:25:15.641+0800][0.175s] Pre-touch: Enabled
[2023-03-31T19:25:15.642+0800][0.175s] Parallel Workers: 8
[2023-03-31T19:25:15.642+0800][0.175s] Concurrent Workers: 2
[2023-03-31T19:25:15.642+0800][0.176s] Concurrent Refinement Workers: 8
[2023-03-31T19:25:15.642+0800][0.176s] Periodic GC: Disabled
[2023-03-31T19:25:15.643+0800][0.177s] CDS archive(s) mapped at: [0x0000000800000000-0x0000000800bc0000-0x0000000800bc0000), size 12320768, SharedBaseAddress: 0x0000000800000000, ArchiveRelocationMode: 0.
[2023-03-31T19:25:15.643+0800][0.177s] Compressed class space mapped at: 0x0000000800c00000-0x0000000840c00000, reserved size: 1073741824
[2023-03-31T19:25:15.643+0800][0.177s] Narrow klass base: 0x0000000800000000, Narrow klass shift: 0, Narrow klass range: 0x100000000
[2023-03-31T19:25:16.883+0800][1.417s] GC(0) Pause Young (Normal) (G1 Evacuation Pause)
[2023-03-31T19:25:16.883+0800][1.417s] GC(0) Using 8 workers of 8 for evacuation
[2023-03-31T19:25:16.886+0800][1.420s] GC(0)   Pre Evacuate Collection Set: 0.1ms
[2023-03-31T19:25:16.886+0800][1.420s] GC(0)   Merge Heap Roots: 0.1ms
[2023-03-31T19:25:16.886+0800][1.420s] GC(0)   Evacuate Collection Set: 2.5ms
[2023-03-31T19:25:16.886+0800][1.420s] GC(0)   Post Evacuate Collection Set: 0.4ms
[2023-03-31T19:25:16.886+0800][1.420s] GC(0)   Other: 0.3ms
[2023-03-31T19:25:16.886+0800][1.420s] GC(0) Eden regions: 29->0(37)
[2023-03-31T19:25:16.886+0800][1.420s] GC(0) Survivor regions: 0->4(4)
[2023-03-31T19:25:16.886+0800][1.420s] GC(0) Old regions: 0->3
[2023-03-31T19:25:16.886+0800][1.420s] GC(0) Archive regions: 0->0
[2023-03-31T19:25:16.886+0800][1.420s] GC(0) Humongous regions: 4->4
[2023-03-31T19:25:16.886+0800][1.420s] GC(0) Metaspace: 9762K(9984K)->9762K(9984K) NonClass: 8601K(8704K)->8601K(8704K) Class: 1160K(1280K)->1160K(1280K)
[2023-03-31T19:25:16.886+0800][1.420s] GC(0) Pause Young (Normal) (G1 Evacuation Pause) 33M->10M(512M) 3.501ms
[2023-03-31T19:25:16.886+0800][1.420s] GC(0) User=0.00s Sys=0.00s Real=0.00s
[2023-03-31T19:25:17.424+0800][1.959s] GC(1) Pause Young (Normal) (G1 Evacuation Pause)
[2023-03-31T19:25:17.424+0800][1.959s] GC(1) Using 8 workers of 8 for evacuation
[2023-03-31T19:25:17.429+0800][1.963s] GC(1)   Pre Evacuate Collection Set: 0.1ms
[2023-03-31T19:25:17.429+0800][1.963s] GC(1)   Merge Heap Roots: 0.1ms
[2023-03-31T19:25:17.429+0800][1.963s] GC(1)   Evacuate Collection Set: 3.8ms
[2023-03-31T19:25:17.429+0800][1.963s] GC(1)   Post Evacuate Collection Set: 0.6ms
[2023-03-31T19:25:17.429+0800][1.963s] GC(1)   Other: 0.1ms
[2023-03-31T19:25:17.429+0800][1.963s] GC(1) Eden regions: 31->0(46)
[2023-03-31T19:25:17.429+0800][1.963s] GC(1) Survivor regions: 4->5(5)
[2023-03-31T19:25:17.429+0800][1.963s] GC(1) Old regions: 3->10
[2023-03-31T19:25:17.429+0800][1.963s] GC(1) Archive regions: 0->0
[2023-03-31T19:25:17.429+0800][1.963s] GC(1) Humongous regions: 4->4
[2023-03-31T19:25:17.429+0800][1.963s] GC(1) Metaspace: 15476K(15680K)->15476K(15680K) NonClass: 13662K(13760K)->13662K(13760K) Class: 1814K(1920K)->1814K(1920K)
[2023-03-31T19:25:17.429+0800][1.963s] GC(1) Pause Young (Normal) (G1 Evacuation Pause) 41M->18M(512M) 4.852ms
[2023-03-31T19:25:17.429+0800][1.963s] GC(1) User=0.00s Sys=0.00s Real=0.00s
[2023-03-31T19:25:17.932+0800][2.467s] GC(2) Pause Young (Normal) (G1 Evacuation Pause)
[2023-03-31T19:25:17.932+0800][2.467s] GC(2) Using 8 workers of 8 for evacuation
[2023-03-31T19:25:17.935+0800][2.469s] GC(2)   Pre Evacuate Collection Set: 0.1ms
[2023-03-31T19:25:17.935+0800][2.469s] GC(2)   Merge Heap Roots: 0.1ms
[2023-03-31T19:25:17.935+0800][2.469s] GC(2)   Evacuate Collection Set: 1.6ms
[2023-03-31T19:25:17.935+0800][2.469s] GC(2)   Post Evacuate Collection Set: 0.5ms
[2023-03-31T19:25:17.935+0800][2.469s] GC(2)   Other: 0.1ms
[2023-03-31T19:25:17.935+0800][2.469s] GC(2) Eden regions: 46->0(88)
[2023-03-31T19:25:17.935+0800][2.469s] GC(2) Survivor regions: 5->5(7)
[2023-03-31T19:25:17.935+0800][2.469s] GC(2) Old regions: 10->16
[2023-03-31T19:25:17.935+0800][2.469s] GC(2) Archive regions: 0->0
[2023-03-31T19:25:17.935+0800][2.469s] GC(2) Humongous regions: 4->4
[2023-03-31T19:25:17.935+0800][2.469s] GC(2) Metaspace: 20772K(20992K)->20772K(20992K) NonClass: 18436K(18560K)->18436K(18560K) Class: 2336K(2432K)->2336K(2432K)
[2023-03-31T19:25:17.935+0800][2.469s] GC(2) Pause Young (Normal) (G1 Evacuation Pause) 64M->24M(512M) 2.640ms
[2023-03-31T19:25:17.935+0800][2.469s] GC(2) User=0.00s Sys=0.00s Real=0.00s
[2023-03-31T19:25:17.955+0800][2.490s] GC(3) Pause Young (Concurrent Start) (Metadata GC Threshold)
[2023-03-31T19:25:17.955+0800][2.490s] GC(3) Using 8 workers of 8 for evacuation
[2023-03-31T19:25:17.957+0800][2.491s] GC(3)   Pre Evacuate Collection Set: 0.1ms
[2023-03-31T19:25:17.957+0800][2.491s] GC(3)   Merge Heap Roots: 0.1ms
[2023-03-31T19:25:17.957+0800][2.491s] GC(3)   Evacuate Collection Set: 0.7ms
[2023-03-31T19:25:17.957+0800][2.491s] GC(3)   Post Evacuate Collection Set: 0.5ms
[2023-03-31T19:25:17.957+0800][2.491s] GC(3)   Other: 0.1ms
[2023-03-31T19:25:17.957+0800][2.491s] GC(3) Eden regions: 3->0(148)
[2023-03-31T19:25:17.957+0800][2.491s] GC(3) Survivor regions: 5->5(12)
[2023-03-31T19:25:17.957+0800][2.491s] GC(3) Old regions: 16->16
[2023-03-31T19:25:17.957+0800][2.491s] GC(3) Archive regions: 0->0
[2023-03-31T19:25:17.957+0800][2.491s] GC(3) Humongous regions: 4->4
[2023-03-31T19:25:17.957+0800][2.491s] GC(3) Metaspace: 21297K(21504K)->21297K(21504K) NonClass: 18891K(19008K)->18891K(19008K) Class: 2405K(2496K)->2405K(2496K)
[2023-03-31T19:25:17.957+0800][2.491s] GC(3) Pause Young (Concurrent Start) (Metadata GC Threshold) 26M->24M(512M) 1.674ms
[2023-03-31T19:25:17.957+0800][2.491s] GC(3) User=0.00s Sys=0.00s Real=0.00s
[2023-03-31T19:25:17.957+0800][2.492s] GC(4) Concurrent Mark Cycle
[2023-03-31T19:25:17.958+0800][2.492s] GC(4) Concurrent Clear Claimed Marks
[2023-03-31T19:25:17.958+0800][2.492s] GC(4) Concurrent Clear Claimed Marks 0.017ms
[2023-03-31T19:25:17.958+0800][2.492s] GC(4) Concurrent Scan Root Regions
[2023-03-31T19:25:17.958+0800][2.492s] GC(4) Concurrent Scan Root Regions 0.590ms
[2023-03-31T19:25:17.958+0800][2.492s] GC(4) Concurrent Mark
[2023-03-31T19:25:17.958+0800][2.492s] GC(4) Concurrent Mark From Roots
[2023-03-31T19:25:17.958+0800][2.492s] GC(4) Using 2 workers of 2 for marking
[2023-03-31T19:25:17.967+0800][2.501s] GC(4) Concurrent Mark From Roots 8.815ms
[2023-03-31T19:25:17.967+0800][2.501s] GC(4) Concurrent Preclean
[2023-03-31T19:25:17.968+0800][2.501s] GC(4) Concurrent Preclean 0.108ms
[2023-03-31T19:25:17.968+0800][2.501s] GC(4) Pause Remark
[2023-03-31T19:25:17.969+0800][2.503s] GC(4) Pause Remark 26M->26M(512M) 2.026ms
[2023-03-31T19:25:17.969+0800][2.503s] GC(4) User=0.00s Sys=0.00s Real=0.00s
[2023-03-31T19:25:17.969+0800][2.504s] GC(4) Concurrent Mark 11.320ms
[2023-03-31T19:25:17.969+0800][2.504s] GC(4) Concurrent Rebuild Remembered Sets
[2023-03-31T19:25:17.973+0800][2.507s] GC(4) Concurrent Rebuild Remembered Sets 3.897ms
[2023-03-31T19:25:17.974+0800][2.508s] GC(4) Pause Cleanup
[2023-03-31T19:25:17.974+0800][2.508s] GC(4) Pause Cleanup 26M->26M(512M) 0.134ms
[2023-03-31T19:25:17.974+0800][2.508s] GC(4) User=0.00s Sys=0.00s Real=0.00s
[2023-03-31T19:25:17.974+0800][2.508s] GC(4) Concurrent Cleanup for Next Mark
[2023-03-31T19:25:17.974+0800][2.508s] GC(4) Concurrent Cleanup for Next Mark 0.296ms
[2023-03-31T19:25:17.974+0800][2.508s] GC(4) Concurrent Mark Cycle 16.919ms
[2023-03-31T19:25:26.680+0800][11.214s] GC(5) Pause Young (Concurrent Start) (Metadata GC Threshold)
[2023-03-31T19:25:26.680+0800][11.214s] GC(5) Using 8 workers of 8 for evacuation
[2023-03-31T19:25:26.686+0800][11.221s] GC(5)   Pre Evacuate Collection Set: 0.1ms
[2023-03-31T19:25:26.686+0800][11.221s] GC(5)   Merge Heap Roots: 0.0ms
[2023-03-31T19:25:26.686+0800][11.221s] GC(5)   Evacuate Collection Set: 5.9ms
[2023-03-31T19:25:26.686+0800][11.221s] GC(5)   Post Evacuate Collection Set: 0.6ms
[2023-03-31T19:25:26.686+0800][11.221s] GC(5)   Other: 0.2ms
[2023-03-31T19:25:26.686+0800][11.221s] GC(5) Eden regions: 82->0(296)
[2023-03-31T19:25:26.686+0800][11.221s] GC(5) Survivor regions: 5->11(20)
[2023-03-31T19:25:26.686+0800][11.221s] GC(5) Old regions: 16->16
[2023-03-31T19:25:26.686+0800][11.221s] GC(5) Archive regions: 0->0
[2023-03-31T19:25:26.686+0800][11.221s] GC(5) Humongous regions: 4->4
[2023-03-31T19:25:26.687+0800][11.221s] GC(5) Metaspace: 36234K(36480K)->36234K(36480K) NonClass: 31932K(32064K)->31932K(32064K) Class: 4301K(4416K)->4301K(4416K)
[2023-03-31T19:25:26.687+0800][11.221s] GC(5) Pause Young (Concurrent Start) (Metadata GC Threshold) 105M->29M(512M) 7.044ms
[2023-03-31T19:25:26.687+0800][11.221s] GC(5) User=0.08s Sys=0.00s Real=0.01s
[2023-03-31T19:25:26.687+0800][11.221s] GC(6) Concurrent Mark Cycle
[2023-03-31T19:25:26.687+0800][11.221s] GC(6) Concurrent Clear Claimed Marks
[2023-03-31T19:25:26.687+0800][11.221s] GC(6) Concurrent Clear Claimed Marks 0.026ms
[2023-03-31T19:25:26.687+0800][11.221s] GC(6) Concurrent Scan Root Regions
[2023-03-31T19:25:26.689+0800][11.223s] GC(6) Concurrent Scan Root Regions 2.043ms
[2023-03-31T19:25:26.689+0800][11.223s] GC(6) Concurrent Mark
[2023-03-31T19:25:26.689+0800][11.223s] GC(6) Concurrent Mark From Roots
[2023-03-31T19:25:26.689+0800][11.223s] GC(6) Using 2 workers of 2 for marking
[2023-03-31T19:25:26.699+0800][11.233s] GC(6) Concurrent Mark From Roots 9.606ms
[2023-03-31T19:25:26.699+0800][11.233s] GC(6) Concurrent Preclean
[2023-03-31T19:25:26.699+0800][11.233s] GC(6) Concurrent Preclean 0.125ms
[2023-03-31T19:25:26.699+0800][11.233s] GC(6) Pause Remark
[2023-03-31T19:25:26.701+0800][11.235s] GC(6) Pause Remark 30M->30M(512M) 1.645ms
[2023-03-31T19:25:26.701+0800][11.235s] GC(6) User=0.00s Sys=0.00s Real=0.00s
[2023-03-31T19:25:26.702+0800][11.235s] GC(6) Concurrent Mark 12.411ms
[2023-03-31T19:25:26.702+0800][11.235s] GC(6) Concurrent Rebuild Remembered Sets
[2023-03-31T19:25:26.706+0800][11.240s] GC(6) Concurrent Rebuild Remembered Sets 4.395ms
[2023-03-31T19:25:26.706+0800][11.240s] GC(6) Pause Cleanup
[2023-03-31T19:25:26.706+0800][11.240s] GC(6) Pause Cleanup 30M->30M(512M) 0.108ms
[2023-03-31T19:25:26.706+0800][11.240s] GC(6) User=0.00s Sys=0.00s Real=0.00s
[2023-03-31T19:25:26.707+0800][11.242s] GC(6) Concurrent Cleanup for Next Mark
[2023-03-31T19:25:26.708+0800][11.242s] GC(6) Concurrent Cleanup for Next Mark 0.331ms
[2023-03-31T19:25:26.708+0800][11.242s] GC(6) Concurrent Mark Cycle 21.274ms
